{
  "Entries": [
    {
      "RequestUri": "/subscriptions/b80cf239-2c72-47ab-b309-b26aec4656b1/providers/Microsoft.Search/register?api-version=2014-04-01-preview",
      "EncodedRequestUri": "L3N1YnNjcmlwdGlvbnMvYjgwY2YyMzktMmM3Mi00N2FiLWIzMDktYjI2YWVjNDY1NmIxL3Byb3ZpZGVycy9NaWNyb3NvZnQuU2VhcmNoL3JlZ2lzdGVyP2FwaS12ZXJzaW9uPTIwMTQtMDQtMDEtcHJldmlldw==",
      "RequestMethod": "POST",
      "RequestBody": "",
      "RequestHeaders": {
        "x-ms-client-request-id": [
          "62e60fe3-4b0d-4823-958d-41ca4bfaf250"
        ],
        "accept-language": [
          "en-US"
        ],
        "User-Agent": [
          "Microsoft.Azure.Management.Resources.ResourceManagementClient/3.0.0.0"
        ]
      },
      "ResponseBody": "{\r\n  \"id\": \"/subscriptions/b80cf239-2c72-47ab-b309-b26aec4656b1/providers/Microsoft.Search\",\r\n  \"namespace\": \"Microsoft.Search\",\r\n  \"resourceTypes\": [\r\n    {\r\n      \"resourceType\": \"searchServices\",\r\n      \"locations\": [\r\n        \"West US\"\r\n      ],\r\n      \"apiVersions\": [\r\n        \"2015-08-19\",\r\n        \"2015-02-28\",\r\n        \"2014-07-31-Preview\"\r\n      ]\r\n    },\r\n    {\r\n      \"resourceType\": \"searchServicesCit\",\r\n      \"locations\": [\r\n        \"West US\"\r\n      ],\r\n      \"apiVersions\": [\r\n        \"2015-08-19\",\r\n        \"2015-02-28\",\r\n        \"2014-07-31-Preview\"\r\n      ]\r\n    },\r\n    {\r\n      \"resourceType\": \"searchServicesInt\",\r\n      \"locations\": [\r\n        \"West US\"\r\n      ],\r\n      \"apiVersions\": [\r\n        \"2015-08-19\",\r\n        \"2015-02-28\",\r\n        \"2014-07-31-Preview\"\r\n      ]\r\n    },\r\n    {\r\n      \"resourceType\": \"searchServicesPpe\",\r\n      \"locations\": [\r\n        \"West US\"\r\n      ],\r\n      \"apiVersions\": [\r\n        \"2015-08-19\",\r\n        \"2015-02-28\",\r\n        \"2014-07-31-Preview\"\r\n      ]\r\n    },\r\n    {\r\n      \"resourceType\": \"checkServiceNameAvailability\",\r\n      \"locations\": [],\r\n      \"apiVersions\": [\r\n        \"2015-02-28\",\r\n        \"2014-07-31-Preview\"\r\n      ]\r\n    },\r\n    {\r\n      \"resourceType\": \"checkServiceNameAvailabilityCit\",\r\n      \"locations\": [],\r\n      \"apiVersions\": [\r\n        \"2015-02-28\",\r\n        \"2014-07-31-Preview\"\r\n      ]\r\n    },\r\n    {\r\n      \"resourceType\": \"checkServiceNameAvailabilityInt\",\r\n      \"locations\": [],\r\n      \"apiVersions\": [\r\n        \"2015-02-28\",\r\n        \"2014-07-31-Preview\"\r\n      ]\r\n    },\r\n    {\r\n      \"resourceType\": \"checkServiceNameAvailabilityPpe\",\r\n      \"locations\": [],\r\n      \"apiVersions\": [\r\n        \"2015-02-28\",\r\n        \"2014-07-31-Preview\"\r\n      ]\r\n    },\r\n    {\r\n      \"resourceType\": \"checkNameAvailability\",\r\n      \"locations\": [],\r\n      \"apiVersions\": [\r\n        \"2015-08-19\"\r\n      ]\r\n    },\r\n    {\r\n      \"resourceType\": \"checkNameAvailabilityCit\",\r\n      \"locations\": [],\r\n      \"apiVersions\": [\r\n        \"2015-08-19\"\r\n      ]\r\n    },\r\n    {\r\n      \"resourceType\": \"checkNameAvailabilityInt\",\r\n      \"locations\": [],\r\n      \"apiVersions\": [\r\n        \"2015-08-19\"\r\n      ]\r\n    },\r\n    {\r\n      \"resourceType\": \"checkNameAvailabilityPpe\",\r\n      \"locations\": [],\r\n      \"apiVersions\": [\r\n        \"2015-08-19\"\r\n      ]\r\n    },\r\n    {\r\n      \"resourceType\": \"operations\",\r\n      \"locations\": [],\r\n      \"apiVersions\": [\r\n        \"2015-08-19\",\r\n        \"2015-02-28\"\r\n      ]\r\n    }\r\n  ],\r\n  \"registrationState\": \"Registered\"\r\n}",
      "ResponseHeaders": {
        "Content-Length": [
          "1559"
        ],
        "Content-Type": [
          "application/json; charset=utf-8"
        ],
        "Expires": [
          "-1"
        ],
        "Pragma": [
          "no-cache"
        ],
        "x-ms-ratelimit-remaining-subscription-writes": [
          "1138"
        ],
        "x-ms-request-id": [
          "c107d4ba-fb71-498f-b2e9-fac51f095803"
        ],
        "x-ms-correlation-request-id": [
          "c107d4ba-fb71-498f-b2e9-fac51f095803"
        ],
        "x-ms-routing-request-id": [
          "CENTRALUS:20151209T220713Z:c107d4ba-fb71-498f-b2e9-fac51f095803"
        ],
        "Strict-Transport-Security": [
          "max-age=31536000; includeSubDomains"
        ],
        "Cache-Control": [
          "no-cache"
        ],
        "Date": [
          "Wed, 09 Dec 2015 22:07:12 GMT"
        ]
      },
      "StatusCode": 200
    },
    {
      "RequestUri": "/subscriptions/b80cf239-2c72-47ab-b309-b26aec4656b1/resourcegroups/azsmnet253?api-version=2014-04-01-preview",
      "EncodedRequestUri": "L3N1YnNjcmlwdGlvbnMvYjgwY2YyMzktMmM3Mi00N2FiLWIzMDktYjI2YWVjNDY1NmIxL3Jlc291cmNlZ3JvdXBzL2F6c21uZXQyNTM/YXBpLXZlcnNpb249MjAxNC0wNC0wMS1wcmV2aWV3",
      "RequestMethod": "PUT",
      "RequestBody": "{\r\n  \"location\": \"West US\"\r\n}",
      "RequestHeaders": {
        "Content-Type": [
          "application/json; charset=utf-8"
        ],
        "Content-Length": [
          "29"
        ],
        "x-ms-client-request-id": [
          "fcf8da70-3ccf-4746-b962-e21b877d505b"
        ],
        "accept-language": [
          "en-US"
        ],
        "User-Agent": [
          "Microsoft.Azure.Management.Resources.ResourceManagementClient/3.0.0.0"
        ]
      },
      "ResponseBody": "{\r\n  \"id\": \"/subscriptions/b80cf239-2c72-47ab-b309-b26aec4656b1/resourceGroups/azsmnet253\",\r\n  \"name\": \"azsmnet253\",\r\n  \"location\": \"westus\",\r\n  \"properties\": {\r\n    \"provisioningState\": \"Succeeded\"\r\n  }\r\n}",
      "ResponseHeaders": {
        "Content-Length": [
          "173"
        ],
        "Content-Type": [
          "application/json; charset=utf-8"
        ],
        "Expires": [
          "-1"
        ],
        "Pragma": [
          "no-cache"
        ],
        "x-ms-ratelimit-remaining-subscription-writes": [
          "1137"
        ],
        "x-ms-request-id": [
          "953fed30-8f15-48ca-9b38-5f0863aceef9"
        ],
        "x-ms-correlation-request-id": [
          "953fed30-8f15-48ca-9b38-5f0863aceef9"
        ],
        "x-ms-routing-request-id": [
          "CENTRALUS:20151209T220713Z:953fed30-8f15-48ca-9b38-5f0863aceef9"
        ],
        "Strict-Transport-Security": [
          "max-age=31536000; includeSubDomains"
        ],
        "Cache-Control": [
          "no-cache"
        ],
        "Date": [
          "Wed, 09 Dec 2015 22:07:12 GMT"
        ]
      },
      "StatusCode": 201
    },
    {
      "RequestUri": "/subscriptions/b80cf239-2c72-47ab-b309-b26aec4656b1/resourceGroups/azsmnet253/providers/Microsoft.Search/searchServices/azs-3955?api-version=2015-02-28",
      "EncodedRequestUri": "L3N1YnNjcmlwdGlvbnMvYjgwY2YyMzktMmM3Mi00N2FiLWIzMDktYjI2YWVjNDY1NmIxL3Jlc291cmNlR3JvdXBzL2F6c21uZXQyNTMvcHJvdmlkZXJzL01pY3Jvc29mdC5TZWFyY2gvc2VhcmNoU2VydmljZXMvYXpzLTM5NTU/YXBpLXZlcnNpb249MjAxNS0wMi0yOA==",
      "RequestMethod": "PUT",
      "RequestBody": "{\r\n  \"location\": \"West US\",\r\n  \"properties\": {\r\n    \"sku\": {\r\n      \"name\": \"free\"\r\n    }\r\n  }\r\n}",
      "RequestHeaders": {
        "Content-Type": [
          "application/json; charset=utf-8"
        ],
        "Content-Length": [
          "97"
        ],
        "x-ms-client-request-id": [
          "1a1dbdec-8e9d-4b36-b7ca-dc100486c11f"
        ],
        "accept-language": [
          "en-US"
        ],
        "User-Agent": [
          "Microsoft.Azure.Management.Search.SearchManagementClient/1.0.0.0"
        ]
      },
      "ResponseBody": "{\r\n  \"id\": \"/subscriptions/b80cf239-2c72-47ab-b309-b26aec4656b1/resourceGroups/azsmnet253/providers/Microsoft.Search/searchServices/azs-3955\",\r\n  \"name\": \"azs-3955\",\r\n  \"type\": \"Microsoft.Search/searchServices\",\r\n  \"location\": \"West US\",\r\n  \"properties\": {\r\n    \"sku\": {\r\n      \"name\": \"free\"\r\n    },\r\n    \"replicaCount\": 1,\r\n    \"partitionCount\": 1,\r\n    \"status\": \"running\",\r\n    \"statusDetails\": null,\r\n    \"provisioningState\": \"succeeded\"\r\n  }\r\n}",
      "ResponseHeaders": {
        "Content-Length": [
          "362"
        ],
        "Content-Type": [
          "application/json; charset=utf-8"
        ],
        "Expires": [
          "-1"
        ],
        "Pragma": [
          "no-cache"
        ],
        "request-id": [
          "1a1dbdec-8e9d-4b36-b7ca-dc100486c11f"
        ],
        "elapsed-time": [
          "2854"
        ],
        "Strict-Transport-Security": [
          "max-age=31536000; includeSubDomains"
        ],
        "x-ms-ratelimit-remaining-subscription-writes": [
          "1129"
        ],
        "x-ms-request-id": [
          "5921d3bf-aee5-4941-91c4-b45f817ca020"
        ],
        "x-ms-correlation-request-id": [
          "5921d3bf-aee5-4941-91c4-b45f817ca020"
        ],
        "x-ms-routing-request-id": [
          "CENTRALUS:20151209T220717Z:5921d3bf-aee5-4941-91c4-b45f817ca020"
        ],
        "Cache-Control": [
          "no-cache"
        ],
        "Date": [
          "Wed, 09 Dec 2015 22:07:16 GMT"
        ],
        "ETag": [
          "W/\"datetime'2015-12-09T22%3A07%3A17.6375033Z'\""
        ],
        "X-AspNet-Version": [
          "4.0.30319"
        ]
      },
      "StatusCode": 201
    },
    {
      "RequestUri": "/subscriptions/b80cf239-2c72-47ab-b309-b26aec4656b1/resourceGroups/azsmnet253/providers/Microsoft.Search/searchServices/azs-3955/listAdminKeys?api-version=2015-02-28",
      "EncodedRequestUri": "L3N1YnNjcmlwdGlvbnMvYjgwY2YyMzktMmM3Mi00N2FiLWIzMDktYjI2YWVjNDY1NmIxL3Jlc291cmNlR3JvdXBzL2F6c21uZXQyNTMvcHJvdmlkZXJzL01pY3Jvc29mdC5TZWFyY2gvc2VhcmNoU2VydmljZXMvYXpzLTM5NTUvbGlzdEFkbWluS2V5cz9hcGktdmVyc2lvbj0yMDE1LTAyLTI4",
      "RequestMethod": "POST",
      "RequestBody": "",
      "RequestHeaders": {
        "x-ms-client-request-id": [
          "0a47d6cc-e079-4905-8e17-6ec0512f5ef7"
        ],
        "accept-language": [
          "en-US"
        ],
        "User-Agent": [
          "Microsoft.Azure.Management.Search.SearchManagementClient/1.0.0.0"
        ]
      },
      "ResponseBody": "{\r\n  \"primaryKey\": \"3AF6C11E4496D25B1F097CE28287B394\",\r\n  \"secondaryKey\": \"12DDAC522C4220A5098A9D82C002B418\"\r\n}",
      "ResponseHeaders": {
        "Content-Length": [
          "99"
        ],
        "Content-Type": [
          "application/json; charset=utf-8"
        ],
        "Expires": [
          "-1"
        ],
        "Pragma": [
          "no-cache"
        ],
        "request-id": [
          "0a47d6cc-e079-4905-8e17-6ec0512f5ef7"
        ],
        "elapsed-time": [
          "273"
        ],
        "Strict-Transport-Security": [
          "max-age=31536000; includeSubDomains"
        ],
        "x-ms-ratelimit-remaining-subscription-writes": [
          "1128"
        ],
        "x-ms-request-id": [
          "b0558dda-a380-4adc-8edc-4a686828721c"
        ],
        "x-ms-correlation-request-id": [
          "b0558dda-a380-4adc-8edc-4a686828721c"
        ],
        "x-ms-routing-request-id": [
          "CENTRALUS:20151209T220723Z:b0558dda-a380-4adc-8edc-4a686828721c"
        ],
        "Cache-Control": [
          "no-cache"
        ],
        "Date": [
          "Wed, 09 Dec 2015 22:07:23 GMT"
        ],
        "X-AspNet-Version": [
          "4.0.30319"
        ]
      },
      "StatusCode": 200
    },
    {
      "RequestUri": "/subscriptions/b80cf239-2c72-47ab-b309-b26aec4656b1/resourceGroups/azsmnet253/providers/Microsoft.Search/searchServices/azs-3955/listQueryKeys?api-version=2015-02-28",
      "EncodedRequestUri": "L3N1YnNjcmlwdGlvbnMvYjgwY2YyMzktMmM3Mi00N2FiLWIzMDktYjI2YWVjNDY1NmIxL3Jlc291cmNlR3JvdXBzL2F6c21uZXQyNTMvcHJvdmlkZXJzL01pY3Jvc29mdC5TZWFyY2gvc2VhcmNoU2VydmljZXMvYXpzLTM5NTUvbGlzdFF1ZXJ5S2V5cz9hcGktdmVyc2lvbj0yMDE1LTAyLTI4",
      "RequestMethod": "GET",
      "RequestBody": "",
      "RequestHeaders": {
        "x-ms-client-request-id": [
          "ea65a046-8e16-4734-aec7-91d6aef80b97"
        ],
        "accept-language": [
          "en-US"
        ],
        "User-Agent": [
          "Microsoft.Azure.Management.Search.SearchManagementClient/1.0.0.0"
        ]
      },
      "ResponseBody": "{\r\n  \"value\": [\r\n    {\r\n      \"name\": null,\r\n      \"key\": \"21DF37CA68F03755C725701EC3307FA2\"\r\n    }\r\n  ],\r\n  \"nextLink\": null\r\n}",
      "ResponseHeaders": {
        "Content-Length": [
          "82"
        ],
        "Content-Type": [
          "application/json; charset=utf-8"
        ],
        "Expires": [
          "-1"
        ],
        "Pragma": [
          "no-cache"
        ],
        "request-id": [
          "ea65a046-8e16-4734-aec7-91d6aef80b97"
        ],
        "elapsed-time": [
          "239"
        ],
        "Strict-Transport-Security": [
          "max-age=31536000; includeSubDomains"
        ],
        "x-ms-ratelimit-remaining-subscription-reads": [
          "14989"
        ],
        "x-ms-request-id": [
          "37d629fe-a371-45ad-b209-3dca344b5ea8"
        ],
        "x-ms-correlation-request-id": [
          "37d629fe-a371-45ad-b209-3dca344b5ea8"
        ],
        "x-ms-routing-request-id": [
          "CENTRALUS:20151209T220724Z:37d629fe-a371-45ad-b209-3dca344b5ea8"
        ],
        "Cache-Control": [
          "no-cache"
        ],
        "Date": [
          "Wed, 09 Dec 2015 22:07:23 GMT"
        ],
        "X-AspNet-Version": [
          "4.0.30319"
        ]
      },
      "StatusCode": 200
    },
    {
      "RequestUri": "/indexes?api-version=2015-02-28",
      "EncodedRequestUri": "L2luZGV4ZXM/YXBpLXZlcnNpb249MjAxNS0wMi0yOA==",
      "RequestMethod": "POST",
      "RequestBody": "{\r\n  \"name\": \"azsmnet5552\",\r\n  \"fields\": [\r\n    {\r\n      \"type\": \"Edm.String\",\r\n      \"name\": \"hotelId\",\r\n      \"key\": true,\r\n      \"searchable\": false,\r\n      \"filterable\": true,\r\n      \"sortable\": true,\r\n      \"facetable\": true,\r\n      \"retrievable\": true\r\n    },\r\n    {\r\n      \"type\": \"Edm.Double\",\r\n      \"name\": \"baseRate\",\r\n      \"key\": false,\r\n      \"searchable\": false,\r\n      \"filterable\": true,\r\n      \"sortable\": true,\r\n      \"facetable\": true,\r\n      \"retrievable\": true\r\n    },\r\n    {\r\n      \"type\": \"Edm.String\",\r\n      \"name\": \"description\",\r\n      \"key\": false,\r\n      \"searchable\": true,\r\n      \"filterable\": false,\r\n      \"sortable\": false,\r\n      \"facetable\": false,\r\n      \"retrievable\": true\r\n    },\r\n    {\r\n      \"type\": \"Edm.String\",\r\n      \"analyzer\": \"fr.lucene\",\r\n      \"name\": \"descriptionFr\",\r\n      \"key\": false,\r\n      \"searchable\": true,\r\n      \"filterable\": false,\r\n      \"sortable\": false,\r\n      \"facetable\": false,\r\n      \"retrievable\": true\r\n    },\r\n    {\r\n      \"type\": \"Edm.String\",\r\n      \"name\": \"hotelName\",\r\n      \"key\": false,\r\n      \"searchable\": true,\r\n      \"filterable\": true,\r\n      \"sortable\": true,\r\n      \"facetable\": true,\r\n      \"retrievable\": true\r\n    },\r\n    {\r\n      \"type\": \"Edm.String\",\r\n      \"name\": \"category\",\r\n      \"key\": false,\r\n      \"searchable\": true,\r\n      \"filterable\": true,\r\n      \"sortable\": true,\r\n      \"facetable\": true,\r\n      \"retrievable\": true\r\n    },\r\n    {\r\n      \"type\": \"Collection(Edm.String)\",\r\n      \"name\": \"tags\",\r\n      \"key\": false,\r\n      \"searchable\": true,\r\n      \"filterable\": true,\r\n      \"sortable\": false,\r\n      \"facetable\": true,\r\n      \"retrievable\": true\r\n    },\r\n    {\r\n      \"type\": \"Edm.Boolean\",\r\n      \"name\": \"parkingIncluded\",\r\n      \"key\": false,\r\n      \"searchable\": false,\r\n      \"filterable\": true,\r\n      \"sortable\": true,\r\n      \"facetable\": true,\r\n      \"retrievable\": true\r\n    },\r\n    {\r\n      \"type\": \"Edm.Boolean\",\r\n      \"name\": \"smokingAllowed\",\r\n      \"key\": false,\r\n      \"searchable\": false,\r\n      \"filterable\": true,\r\n      \"sortable\": true,\r\n      \"facetable\": true,\r\n      \"retrievable\": true\r\n    },\r\n    {\r\n      \"type\": \"Edm.DateTimeOffset\",\r\n      \"name\": \"lastRenovationDate\",\r\n      \"key\": false,\r\n      \"searchable\": false,\r\n      \"filterable\": true,\r\n      \"sortable\": true,\r\n      \"facetable\": true,\r\n      \"retrievable\": true\r\n    },\r\n    {\r\n      \"type\": \"Edm.Int32\",\r\n      \"name\": \"rating\",\r\n      \"key\": false,\r\n      \"searchable\": false,\r\n      \"filterable\": true,\r\n      \"sortable\": true,\r\n      \"facetable\": true,\r\n      \"retrievable\": true\r\n    },\r\n    {\r\n      \"type\": \"Edm.GeographyPoint\",\r\n      \"name\": \"location\",\r\n      \"key\": false,\r\n      \"searchable\": false,\r\n      \"filterable\": true,\r\n      \"sortable\": true,\r\n      \"facetable\": false,\r\n      \"retrievable\": true\r\n    }\r\n  ],\r\n  \"scoringProfiles\": [\r\n    {\r\n      \"name\": \"nearest\",\r\n      \"functions\": [\r\n        {\r\n          \"type\": \"distance\",\r\n          \"distance\": {\r\n            \"referencePointParameter\": \"myloc\",\r\n            \"boostingDistance\": 100.0\r\n          },\r\n          \"fieldName\": \"location\",\r\n          \"boost\": 2.0\r\n        }\r\n      ],\r\n      \"functionAggregation\": \"sum\"\r\n    }\r\n  ],\r\n  \"suggesters\": [\r\n    {\r\n      \"name\": \"sg\",\r\n      \"searchMode\": \"analyzingInfixMatching\",\r\n      \"sourceFields\": [\r\n        \"description\",\r\n        \"hotelName\"\r\n      ]\r\n    }\r\n  ]\r\n}",
      "RequestHeaders": {
        "Content-Type": [
          "application/json; charset=utf-8"
        ],
        "Content-Length": [
          "3401"
        ],
        "x-ms-client-request-id": [
          "c96f2883-4639-463e-9ad2-1d3b3abd6c2e"
        ],
        "accept-language": [
          "en-US"
        ],
        "api-key": [
          "3AF6C11E4496D25B1F097CE28287B394"
        ],
        "Prefer": [
          "return=representation"
        ],
        "User-Agent": [
          "Microsoft.Azure.Search.SearchServiceClient/1.0.0.0"
        ]
      },
      "ResponseBody": "{\r\n  \"@odata.context\": \"https://azs-3955.search-dogfood.windows-int.net/$metadata#indexes/$entity\",\r\n  \"name\": \"azsmnet5552\",\r\n  \"fields\": [\r\n    {\r\n      \"name\": \"hotelId\",\r\n      \"type\": \"Edm.String\",\r\n      \"searchable\": false,\r\n      \"filterable\": true,\r\n      \"retrievable\": true,\r\n      \"sortable\": true,\r\n      \"facetable\": true,\r\n      \"key\": true,\r\n      \"analyzer\": null\r\n    },\r\n    {\r\n      \"name\": \"baseRate\",\r\n      \"type\": \"Edm.Double\",\r\n      \"searchable\": false,\r\n      \"filterable\": true,\r\n      \"retrievable\": true,\r\n      \"sortable\": true,\r\n      \"facetable\": true,\r\n      \"key\": false,\r\n      \"analyzer\": null\r\n    },\r\n    {\r\n      \"name\": \"description\",\r\n      \"type\": \"Edm.String\",\r\n      \"searchable\": true,\r\n      \"filterable\": false,\r\n      \"retrievable\": true,\r\n      \"sortable\": false,\r\n      \"facetable\": false,\r\n      \"key\": false,\r\n      \"analyzer\": null\r\n    },\r\n    {\r\n      \"name\": \"descriptionFr\",\r\n      \"type\": \"Edm.String\",\r\n      \"searchable\": true,\r\n      \"filterable\": false,\r\n      \"retrievable\": true,\r\n      \"sortable\": false,\r\n      \"facetable\": false,\r\n      \"key\": false,\r\n      \"analyzer\": \"fr.lucene\"\r\n    },\r\n    {\r\n      \"name\": \"hotelName\",\r\n      \"type\": \"Edm.String\",\r\n      \"searchable\": true,\r\n      \"filterable\": true,\r\n      \"retrievable\": true,\r\n      \"sortable\": true,\r\n      \"facetable\": true,\r\n      \"key\": false,\r\n      \"analyzer\": null\r\n    },\r\n    {\r\n      \"name\": \"category\",\r\n      \"type\": \"Edm.String\",\r\n      \"searchable\": true,\r\n      \"filterable\": true,\r\n      \"retrievable\": true,\r\n      \"sortable\": true,\r\n      \"facetable\": true,\r\n      \"key\": false,\r\n      \"analyzer\": null\r\n    },\r\n    {\r\n      \"name\": \"tags\",\r\n      \"type\": \"Collection(Edm.String)\",\r\n      \"searchable\": true,\r\n      \"filterable\": true,\r\n      \"retrievable\": true,\r\n      \"sortable\": false,\r\n      \"facetable\": true,\r\n      \"key\": false,\r\n      \"analyzer\": null\r\n    },\r\n    {\r\n      \"name\": \"parkingIncluded\",\r\n      \"type\": \"Edm.Boolean\",\r\n      \"searchable\": false,\r\n      \"filterable\": true,\r\n      \"retrievable\": true,\r\n      \"sortable\": true,\r\n      \"facetable\": true,\r\n      \"key\": false,\r\n      \"analyzer\": null\r\n    },\r\n    {\r\n      \"name\": \"smokingAllowed\",\r\n      \"type\": \"Edm.Boolean\",\r\n      \"searchable\": false,\r\n      \"filterable\": true,\r\n      \"retrievable\": true,\r\n      \"sortable\": true,\r\n      \"facetable\": true,\r\n      \"key\": false,\r\n      \"analyzer\": null\r\n    },\r\n    {\r\n      \"name\": \"lastRenovationDate\",\r\n      \"type\": \"Edm.DateTimeOffset\",\r\n      \"searchable\": false,\r\n      \"filterable\": true,\r\n      \"retrievable\": true,\r\n      \"sortable\": true,\r\n      \"facetable\": true,\r\n      \"key\": false,\r\n      \"analyzer\": null\r\n    },\r\n    {\r\n      \"name\": \"rating\",\r\n      \"type\": \"Edm.Int32\",\r\n      \"searchable\": false,\r\n      \"filterable\": true,\r\n      \"retrievable\": true,\r\n      \"sortable\": true,\r\n      \"facetable\": true,\r\n      \"key\": false,\r\n      \"analyzer\": null\r\n    },\r\n    {\r\n      \"name\": \"location\",\r\n      \"type\": \"Edm.GeographyPoint\",\r\n      \"searchable\": false,\r\n      \"filterable\": true,\r\n      \"retrievable\": true,\r\n      \"sortable\": true,\r\n      \"facetable\": false,\r\n      \"key\": false,\r\n      \"analyzer\": null\r\n    }\r\n  ],\r\n  \"scoringProfiles\": [\r\n    {\r\n      \"name\": \"nearest\",\r\n      \"text\": null,\r\n      \"functions\": [\r\n        {\r\n          \"fieldName\": \"location\",\r\n          \"freshness\": null,\r\n          \"interpolation\": \"linear\",\r\n          \"magnitude\": null,\r\n          \"distance\": {\r\n            \"referencePointParameter\": \"myloc\",\r\n            \"boostingDistance\": 100.0\r\n          },\r\n          \"tag\": null,\r\n          \"type\": \"distance\",\r\n          \"boost\": 2.0\r\n        }\r\n      ],\r\n      \"functionAggregation\": \"sum\"\r\n    }\r\n  ],\r\n  \"defaultScoringProfile\": null,\r\n  \"corsOptions\": null,\r\n  \"suggesters\": [\r\n    {\r\n      \"name\": \"sg\",\r\n      \"searchMode\": \"analyzingInfixMatching\",\r\n      \"sourceFields\": [\r\n        \"description\",\r\n        \"hotelName\"\r\n      ]\r\n    }\r\n  ]\r\n}",
      "ResponseHeaders": {
        "Content-Length": [
          "2521"
        ],
        "Content-Type": [
          "application/json; odata.metadata=minimal"
        ],
        "Expires": [
          "-1"
        ],
        "Pragma": [
          "no-cache"
        ],
        "request-id": [
          "c96f2883-4639-463e-9ad2-1d3b3abd6c2e"
        ],
        "elapsed-time": [
          "874"
        ],
        "OData-Version": [
          "4.0"
        ],
        "Preference-Applied": [
          "odata.include-annotations=\"*\""
        ],
        "Strict-Transport-Security": [
          "max-age=15724800; includeSubDomains"
        ],
        "Cache-Control": [
          "no-cache"
        ],
        "Date": [
          "Wed, 09 Dec 2015 22:07:24 GMT"
        ],
        "ETag": [
          "W/\"0x8D300E51F051E03\""
        ],
        "Location": [
          "https://azs-3955.search-dogfood.windows-int.net/indexes('azsmnet5552')?api-version=2015-02-28"
        ]
      },
      "StatusCode": 201
    },
    {
      "RequestUri": "/indexes/azsmnet5552/docs/search.index?api-version=2015-02-28",
      "EncodedRequestUri": "L2luZGV4ZXMvYXpzbW5ldDU1NTIvZG9jcy9zZWFyY2guaW5kZXg/YXBpLXZlcnNpb249MjAxNS0wMi0yOA==",
      "RequestMethod": "POST",
      "RequestBody": "{\r\n  \"value\": [\r\n    {\r\n      \"@search.action\": \"upload\",\r\n      \"hotelId\": \"1\",\r\n      \"baseRate\": 199.0,\r\n      \"description\": \"Best hotel in town\",\r\n      \"descriptionFr\": \"Meilleur hôtel en ville\",\r\n      \"hotelName\": \"Fancy Stay\",\r\n      \"category\": \"Luxury\",\r\n      \"tags\": [\r\n        \"pool\",\r\n        \"view\",\r\n        \"wifi\",\r\n        \"concierge\"\r\n      ],\r\n      \"parkingIncluded\": false,\r\n      \"smokingAllowed\": false,\r\n      \"lastRenovationDate\": \"2010-06-27T00:00:00-08:00\",\r\n      \"rating\": 5,\r\n      \"location\": {\r\n        \"type\": \"Point\",\r\n        \"coordinates\": [\r\n          -122.131577,\r\n          47.678581\r\n        ]\r\n      }\r\n    }\r\n  ]\r\n}",
      "RequestHeaders": {
        "Content-Type": [
          "application/json; charset=utf-8"
        ],
        "Content-Length": [
          "660"
        ],
        "accept-language": [
          "en-US"
        ],
        "Accept": [
          "application/json; odata.metadata=none"
        ],
        "api-key": [
          "3AF6C11E4496D25B1F097CE28287B394"
        ],
        "Prefer": [
          "return=representation"
        ],
        "User-Agent": [
          "Microsoft.Azure.Search.SearchIndexClient/1.0.0.0"
        ]
      },
      "ResponseBody": "{\"value\":[{\"key\":\"1\",\"status\":true,\"errorMessage\":null}]}",
      "ResponseHeaders": {
        "Content-Length": [
          "57"
        ],
        "Content-Type": [
          "application/json; odata.metadata=none"
        ],
        "Expires": [
          "-1"
        ],
        "Pragma": [
          "no-cache"
        ],
        "request-id": [
          "4e34151c-f49e-4890-9ff9-97eb2649f5dd"
        ],
        "elapsed-time": [
          "181"
        ],
        "OData-Version": [
          "4.0"
        ],
        "Preference-Applied": [
          "odata.include-annotations=\"*\""
        ],
        "Strict-Transport-Security": [
          "max-age=15724800; includeSubDomains"
        ],
        "Cache-Control": [
          "no-cache"
        ],
        "Date": [
          "Wed, 09 Dec 2015 22:07:46 GMT"
        ]
      },
      "StatusCode": 200
    },
    {
      "RequestUri": "/indexes/azsmnet5552/docs/search.index?api-version=2015-02-28",
      "EncodedRequestUri": "L2luZGV4ZXMvYXpzbW5ldDU1NTIvZG9jcy9zZWFyY2guaW5kZXg/YXBpLXZlcnNpb249MjAxNS0wMi0yOA==",
      "RequestMethod": "POST",
      "RequestBody": "{\r\n  \"value\": [\r\n    {\r\n      \"@search.action\": \"merge\",\r\n      \"hotelId\": \"1\",\r\n      \"baseRate\": 99.0,\r\n      \"category\": \"Business\",\r\n      \"tags\": [\r\n        \"pool\",\r\n        \"view\",\r\n        \"wifi\"\r\n      ],\r\n      \"parkingIncluded\": true,\r\n      \"rating\": 4\r\n    }\r\n  ]\r\n}",
      "RequestHeaders": {
        "Content-Type": [
          "application/json; charset=utf-8"
        ],
        "Content-Length": [
          "278"
        ],
        "accept-language": [
          "en-US"
        ],
        "Accept": [
          "application/json; odata.metadata=none"
        ],
        "api-key": [
          "3AF6C11E4496D25B1F097CE28287B394"
        ],
        "Prefer": [
          "return=representation"
        ],
        "User-Agent": [
          "Microsoft.Azure.Search.SearchIndexClient/1.0.0.0"
        ]
      },
      "ResponseBody": "{\"value\":[{\"key\":\"1\",\"status\":true,\"errorMessage\":null}]}",
      "ResponseHeaders": {
        "Content-Length": [
          "57"
        ],
        "Content-Type": [
          "application/json; odata.metadata=none"
        ],
        "Expires": [
          "-1"
        ],
        "Pragma": [
          "no-cache"
        ],
        "request-id": [
          "6a5e089e-7f34-4b66-a084-472a80153523"
        ],
        "elapsed-time": [
          "104"
        ],
        "OData-Version": [
          "4.0"
        ],
        "Preference-Applied": [
          "odata.include-annotations=\"*\""
        ],
        "Strict-Transport-Security": [
          "max-age=15724800; includeSubDomains"
        ],
        "Cache-Control": [
          "no-cache"
        ],
        "Date": [
          "Wed, 09 Dec 2015 22:07:49 GMT"
        ]
      },
      "StatusCode": 200
    },
    {
      "RequestUri": "/indexes/azsmnet5552/docs('1')?api-version=2015-02-28&$select=*",
      "EncodedRequestUri": "L2luZGV4ZXMvYXpzbW5ldDU1NTIvZG9jcygnMScpP2FwaS12ZXJzaW9uPTIwMTUtMDItMjgmJHNlbGVjdD0lMkE=",
      "RequestMethod": "GET",
      "RequestBody": "",
      "RequestHeaders": {
        "accept-language": [
          "en-US"
        ],
        "Accept": [
          "application/json; odata.metadata=none"
        ],
        "api-key": [
          "3AF6C11E4496D25B1F097CE28287B394"
        ],
        "Prefer": [
          "return=representation"
        ],
        "User-Agent": [
          "Microsoft.Azure.Search.SearchIndexClient/1.0.0.0"
        ]
      },
      "ResponseBody": "{\"hotelId\":\"1\",\"baseRate\":99.0,\"description\":\"Best hotel in town\",\"descriptionFr\":\"Meilleur h\\u00f4tel en ville\",\"hotelName\":\"Fancy Stay\",\"category\":\"Business\",\"tags\":[\"pool\",\"view\",\"wifi\"],\"parkingIncluded\":true,\"smokingAllowed\":false,\"lastRenovationDate\":\"2010-06-27T08:00:00Z\",\"rating\":4,\"location\":{\"type\":\"Point\",\"coordinates\":[-122.131577,47.678581],\"crs\":{\"type\":\"name\",\"properties\":{\"name\":\"EPSG:4326\"}}}}",
      "ResponseHeaders": {
        "Content-Length": [
          "413"
        ],
        "Content-Type": [
          "application/json; odata.metadata=none"
        ],
        "Expires": [
          "-1"
        ],
        "Pragma": [
          "no-cache"
        ],
        "request-id": [
          "d3d02580-2336-4df7-ad0f-e95e353c05a9"
        ],
        "elapsed-time": [
          "22"
        ],
        "OData-Version": [
          "4.0"
        ],
        "Preference-Applied": [
          "odata.include-annotations=\"*\""
        ],
        "Strict-Transport-Security": [
          "max-age=15724800; includeSubDomains"
        ],
        "Cache-Control": [
          "no-cache"
        ],
        "Date": [
          "Wed, 09 Dec 2015 22:07:51 GMT"
        ]
      },
      "StatusCode": 200
    },
    {
      "RequestUri": "/subscriptions/b80cf239-2c72-47ab-b309-b26aec4656b1/resourceGroups/azsmnet253/providers/Microsoft.Search/searchServices/azs-3955?api-version=2015-02-28",
      "EncodedRequestUri": "L3N1YnNjcmlwdGlvbnMvYjgwY2YyMzktMmM3Mi00N2FiLWIzMDktYjI2YWVjNDY1NmIxL3Jlc291cmNlR3JvdXBzL2F6c21uZXQyNTMvcHJvdmlkZXJzL01pY3Jvc29mdC5TZWFyY2gvc2VhcmNoU2VydmljZXMvYXpzLTM5NTU/YXBpLXZlcnNpb249MjAxNS0wMi0yOA==",
      "RequestMethod": "DELETE",
      "RequestBody": "",
      "RequestHeaders": {
        "x-ms-client-request-id": [
          "aa0eb765-e13a-4b8a-bcdd-f857682ed2e0"
        ],
        "accept-language": [
          "en-US"
        ],
        "User-Agent": [
          "Microsoft.Azure.Management.Search.SearchManagementClient/1.0.0.0"
        ]
      },
      "ResponseBody": "",
      "ResponseHeaders": {
        "Content-Length": [
          "0"
        ],
        "Expires": [
          "-1"
        ],
        "Pragma": [
          "no-cache"
        ],
        "request-id": [
          "aa0eb765-e13a-4b8a-bcdd-f857682ed2e0"
        ],
        "elapsed-time": [
          "1026"
        ],
        "Strict-Transport-Security": [
          "max-age=31536000; includeSubDomains"
        ],
        "x-ms-ratelimit-remaining-subscription-writes": [
          "1127"
        ],
        "x-ms-request-id": [
          "1a26f031-5921-42de-92e0-68c05e8c73a7"
        ],
        "x-ms-correlation-request-id": [
          "1a26f031-5921-42de-92e0-68c05e8c73a7"
        ],
        "x-ms-routing-request-id": [
          "CENTRALUS:20151209T220754Z:1a26f031-5921-42de-92e0-68c05e8c73a7"
        ],
        "Cache-Control": [
          "no-cache"
        ],
        "Date": [
          "Wed, 09 Dec 2015 22:07:53 GMT"
        ],
        "X-AspNet-Version": [
          "4.0.30319"
        ]
      },
      "StatusCode": 200
    }
  ],
  "Names": {
    "GenerateName": [
      "azsmnet253",
      "azsmnet5552"
    ],
    "GenerateServiceName": [
      "azs-3955"
    ]
  },
  "Variables": {
    "SubscriptionId": "b80cf239-2c72-47ab-b309-b26aec4656b1"
  }
}