{
  "Entries": [
    {
      "RequestUri": "/subscriptions/b80cf239-2c72-47ab-b309-b26aec4656b1/providers/Microsoft.Search/register?api-version=2014-04-01-preview",
      "EncodedRequestUri": "L3N1YnNjcmlwdGlvbnMvYjgwY2YyMzktMmM3Mi00N2FiLWIzMDktYjI2YWVjNDY1NmIxL3Byb3ZpZGVycy9NaWNyb3NvZnQuU2VhcmNoL3JlZ2lzdGVyP2FwaS12ZXJzaW9uPTIwMTQtMDQtMDEtcHJldmlldw==",
      "RequestMethod": "POST",
      "RequestBody": "",
      "RequestHeaders": {
<<<<<<< HEAD
        "User-Agent": [
          "Microsoft.Azure.Management.Resources.ResourceManagementClient/2.0.0.0"
        ]
      },
      "ResponseBody": "{\r\n  \"id\": \"/subscriptions/b80cf239-2c72-47ab-b309-b26aec4656b1/providers/Microsoft.Search\",\r\n  \"namespace\": \"Microsoft.Search\",\r\n  \"resourceTypes\": [\r\n    {\r\n      \"resourceType\": \"searchServices\",\r\n      \"locations\": [\r\n        \"West US\"\r\n      ],\r\n      \"apiVersions\": [\r\n        \"2015-02-28\",\r\n        \"2014-07-31-Preview\"\r\n      ]\r\n    },\r\n    {\r\n      \"resourceType\": \"searchServicesCit\",\r\n      \"locations\": [\r\n        \"West US\"\r\n      ],\r\n      \"apiVersions\": [\r\n        \"2015-02-28\",\r\n        \"2014-07-31-Preview\"\r\n      ]\r\n    },\r\n    {\r\n      \"resourceType\": \"searchServicesInt\",\r\n      \"locations\": [\r\n        \"West US\"\r\n      ],\r\n      \"apiVersions\": [\r\n        \"2015-02-28\",\r\n        \"2014-07-31-Preview\"\r\n      ]\r\n    },\r\n    {\r\n      \"resourceType\": \"searchServicesPpe\",\r\n      \"locations\": [\r\n        \"West US\"\r\n      ],\r\n      \"apiVersions\": [\r\n        \"2015-02-28\",\r\n        \"2014-07-31-Preview\"\r\n      ]\r\n    },\r\n    {\r\n      \"resourceType\": \"checkServiceNameAvailability\",\r\n      \"locations\": [],\r\n      \"apiVersions\": [\r\n        \"2015-02-28\",\r\n        \"2014-07-31-Preview\"\r\n      ]\r\n    },\r\n    {\r\n      \"resourceType\": \"checkServiceNameAvailabilityCit\",\r\n      \"locations\": [],\r\n      \"apiVersions\": [\r\n        \"2015-02-28\",\r\n        \"2014-07-31-Preview\"\r\n      ]\r\n    },\r\n    {\r\n      \"resourceType\": \"checkServiceNameAvailabilityInt\",\r\n      \"locations\": [],\r\n      \"apiVersions\": [\r\n        \"2015-02-28\",\r\n        \"2014-07-31-Preview\"\r\n      ]\r\n    },\r\n    {\r\n      \"resourceType\": \"checkServiceNameAvailabilityPpe\",\r\n      \"locations\": [],\r\n      \"apiVersions\": [\r\n        \"2015-02-28\",\r\n        \"2014-07-31-Preview\"\r\n      ]\r\n    },\r\n    {\r\n      \"resourceType\": \"operations\",\r\n      \"locations\": [],\r\n      \"apiVersions\": [\r\n        \"2015-02-28\"\r\n      ]\r\n    }\r\n  ],\r\n  \"registrationState\": \"Registered\"\r\n}",
      "ResponseHeaders": {
        "Content-Length": [
          "1145"
        ],
        "Content-Type": [
          "application/json; charset=utf-8"
        ],
        "Expires": [
          "-1"
        ],
        "Pragma": [
          "no-cache"
        ],
        "x-ms-ratelimit-remaining-subscription-writes": [
          "1177"
        ],
        "x-ms-request-id": [
          "aa0e4445-a145-487b-af2c-7bf523827b16"
        ],
        "x-ms-correlation-request-id": [
          "aa0e4445-a145-487b-af2c-7bf523827b16"
        ],
        "x-ms-routing-request-id": [
          "CENTRALUS:20150813T035907Z:aa0e4445-a145-487b-af2c-7bf523827b16"
        ],
        "Strict-Transport-Security": [
          "max-age=31536000; includeSubDomains"
        ],
        "Cache-Control": [
          "no-cache"
        ],
        "Date": [
          "Thu, 13 Aug 2015 03:59:06 GMT"
        ]
      },
      "StatusCode": 200
    },
    {
      "RequestUri": "/subscriptions/b80cf239-2c72-47ab-b309-b26aec4656b1/providers/Microsoft.Search?api-version=2014-04-01-preview",
      "EncodedRequestUri": "L3N1YnNjcmlwdGlvbnMvYjgwY2YyMzktMmM3Mi00N2FiLWIzMDktYjI2YWVjNDY1NmIxL3Byb3ZpZGVycy9NaWNyb3NvZnQuU2VhcmNoP2FwaS12ZXJzaW9uPTIwMTQtMDQtMDEtcHJldmlldw==",
      "RequestMethod": "GET",
      "RequestBody": "",
      "RequestHeaders": {
        "User-Agent": [
          "Microsoft.Azure.Management.Resources.ResourceManagementClient/2.0.0.0"
        ]
      },
      "ResponseBody": "{\r\n  \"id\": \"/subscriptions/b80cf239-2c72-47ab-b309-b26aec4656b1/providers/Microsoft.Search\",\r\n  \"namespace\": \"Microsoft.Search\",\r\n  \"resourceTypes\": [\r\n    {\r\n      \"resourceType\": \"searchServices\",\r\n      \"locations\": [\r\n        \"West US\"\r\n      ],\r\n      \"apiVersions\": [\r\n        \"2015-02-28\",\r\n        \"2014-07-31-Preview\"\r\n      ]\r\n    },\r\n    {\r\n      \"resourceType\": \"searchServicesCit\",\r\n      \"locations\": [\r\n        \"West US\"\r\n      ],\r\n      \"apiVersions\": [\r\n        \"2015-02-28\",\r\n        \"2014-07-31-Preview\"\r\n      ]\r\n    },\r\n    {\r\n      \"resourceType\": \"searchServicesInt\",\r\n      \"locations\": [\r\n        \"West US\"\r\n      ],\r\n      \"apiVersions\": [\r\n        \"2015-02-28\",\r\n        \"2014-07-31-Preview\"\r\n      ]\r\n    },\r\n    {\r\n      \"resourceType\": \"searchServicesPpe\",\r\n      \"locations\": [\r\n        \"West US\"\r\n      ],\r\n      \"apiVersions\": [\r\n        \"2015-02-28\",\r\n        \"2014-07-31-Preview\"\r\n      ]\r\n    },\r\n    {\r\n      \"resourceType\": \"checkServiceNameAvailability\",\r\n      \"locations\": [],\r\n      \"apiVersions\": [\r\n        \"2015-02-28\",\r\n        \"2014-07-31-Preview\"\r\n      ]\r\n    },\r\n    {\r\n      \"resourceType\": \"checkServiceNameAvailabilityCit\",\r\n      \"locations\": [],\r\n      \"apiVersions\": [\r\n        \"2015-02-28\",\r\n        \"2014-07-31-Preview\"\r\n      ]\r\n    },\r\n    {\r\n      \"resourceType\": \"checkServiceNameAvailabilityInt\",\r\n      \"locations\": [],\r\n      \"apiVersions\": [\r\n        \"2015-02-28\",\r\n        \"2014-07-31-Preview\"\r\n      ]\r\n    },\r\n    {\r\n      \"resourceType\": \"checkServiceNameAvailabilityPpe\",\r\n      \"locations\": [],\r\n      \"apiVersions\": [\r\n        \"2015-02-28\",\r\n        \"2014-07-31-Preview\"\r\n      ]\r\n    },\r\n    {\r\n      \"resourceType\": \"operations\",\r\n      \"locations\": [],\r\n      \"apiVersions\": [\r\n        \"2015-02-28\"\r\n      ]\r\n    }\r\n  ],\r\n  \"registrationState\": \"Registered\"\r\n}",
      "ResponseHeaders": {
        "Content-Length": [
          "1145"
=======
        "x-ms-client-request-id": [
          "fef614b8-e2ea-4aed-bc36-44a186955628"
        ],
        "accept-language": [
          "en-US"
        ],
        "User-Agent": [
          "Microsoft.Azure.Management.Resources.ResourceManagementClient/3.0.0.0"
        ]
      },
      "ResponseBody": "{\r\n  \"id\": \"/subscriptions/b80cf239-2c72-47ab-b309-b26aec4656b1/providers/Microsoft.Search\",\r\n  \"namespace\": \"Microsoft.Search\",\r\n  \"resourceTypes\": [\r\n    {\r\n      \"resourceType\": \"searchServices\",\r\n      \"locations\": [\r\n        \"West US\"\r\n      ],\r\n      \"apiVersions\": [\r\n        \"2015-08-19\",\r\n        \"2015-02-28\",\r\n        \"2014-07-31-Preview\"\r\n      ]\r\n    },\r\n    {\r\n      \"resourceType\": \"searchServicesCit\",\r\n      \"locations\": [\r\n        \"West US\"\r\n      ],\r\n      \"apiVersions\": [\r\n        \"2015-08-19\",\r\n        \"2015-02-28\",\r\n        \"2014-07-31-Preview\"\r\n      ]\r\n    },\r\n    {\r\n      \"resourceType\": \"searchServicesInt\",\r\n      \"locations\": [\r\n        \"West US\"\r\n      ],\r\n      \"apiVersions\": [\r\n        \"2015-08-19\",\r\n        \"2015-02-28\",\r\n        \"2014-07-31-Preview\"\r\n      ]\r\n    },\r\n    {\r\n      \"resourceType\": \"searchServicesPpe\",\r\n      \"locations\": [\r\n        \"West US\"\r\n      ],\r\n      \"apiVersions\": [\r\n        \"2015-08-19\",\r\n        \"2015-02-28\",\r\n        \"2014-07-31-Preview\"\r\n      ]\r\n    },\r\n    {\r\n      \"resourceType\": \"checkServiceNameAvailability\",\r\n      \"locations\": [],\r\n      \"apiVersions\": [\r\n        \"2015-02-28\",\r\n        \"2014-07-31-Preview\"\r\n      ]\r\n    },\r\n    {\r\n      \"resourceType\": \"checkServiceNameAvailabilityCit\",\r\n      \"locations\": [],\r\n      \"apiVersions\": [\r\n        \"2015-02-28\",\r\n        \"2014-07-31-Preview\"\r\n      ]\r\n    },\r\n    {\r\n      \"resourceType\": \"checkServiceNameAvailabilityInt\",\r\n      \"locations\": [],\r\n      \"apiVersions\": [\r\n        \"2015-02-28\",\r\n        \"2014-07-31-Preview\"\r\n      ]\r\n    },\r\n    {\r\n      \"resourceType\": \"checkServiceNameAvailabilityPpe\",\r\n      \"locations\": [],\r\n      \"apiVersions\": [\r\n        \"2015-02-28\",\r\n        \"2014-07-31-Preview\"\r\n      ]\r\n    },\r\n    {\r\n      \"resourceType\": \"checkNameAvailability\",\r\n      \"locations\": [],\r\n      \"apiVersions\": [\r\n        \"2015-08-19\"\r\n      ]\r\n    },\r\n    {\r\n      \"resourceType\": \"checkNameAvailabilityCit\",\r\n      \"locations\": [],\r\n      \"apiVersions\": [\r\n        \"2015-08-19\"\r\n      ]\r\n    },\r\n    {\r\n      \"resourceType\": \"checkNameAvailabilityInt\",\r\n      \"locations\": [],\r\n      \"apiVersions\": [\r\n        \"2015-08-19\"\r\n      ]\r\n    },\r\n    {\r\n      \"resourceType\": \"checkNameAvailabilityPpe\",\r\n      \"locations\": [],\r\n      \"apiVersions\": [\r\n        \"2015-08-19\"\r\n      ]\r\n    },\r\n    {\r\n      \"resourceType\": \"operations\",\r\n      \"locations\": [],\r\n      \"apiVersions\": [\r\n        \"2015-08-19\",\r\n        \"2015-02-28\"\r\n      ]\r\n    }\r\n  ],\r\n  \"registrationState\": \"Registered\"\r\n}",
      "ResponseHeaders": {
        "Content-Length": [
          "1559"
>>>>>>> origin/AutoRest
        ],
        "Content-Type": [
          "application/json; charset=utf-8"
        ],
        "Expires": [
          "-1"
        ],
        "Pragma": [
          "no-cache"
        ],
<<<<<<< HEAD
        "x-ms-ratelimit-remaining-subscription-reads": [
          "14987"
        ],
        "x-ms-request-id": [
          "89d1654a-bf5a-447c-88ed-63020626538d"
        ],
        "x-ms-correlation-request-id": [
          "89d1654a-bf5a-447c-88ed-63020626538d"
        ],
        "x-ms-routing-request-id": [
          "CENTRALUS:20150813T035907Z:89d1654a-bf5a-447c-88ed-63020626538d"
=======
        "x-ms-ratelimit-remaining-subscription-writes": [
          "1141"
        ],
        "x-ms-request-id": [
          "dae413f7-a0c8-406f-b77b-c72b2e3c8b21"
        ],
        "x-ms-correlation-request-id": [
          "dae413f7-a0c8-406f-b77b-c72b2e3c8b21"
        ],
        "x-ms-routing-request-id": [
          "CENTRALUS:20151209T194737Z:dae413f7-a0c8-406f-b77b-c72b2e3c8b21"
>>>>>>> origin/AutoRest
        ],
        "Strict-Transport-Security": [
          "max-age=31536000; includeSubDomains"
        ],
        "Cache-Control": [
          "no-cache"
        ],
        "Date": [
<<<<<<< HEAD
          "Thu, 13 Aug 2015 03:59:06 GMT"
=======
          "Wed, 09 Dec 2015 19:47:37 GMT"
>>>>>>> origin/AutoRest
        ]
      },
      "StatusCode": 200
    },
    {
<<<<<<< HEAD
      "RequestUri": "/subscriptions/b80cf239-2c72-47ab-b309-b26aec4656b1/resourcegroups/azsmnet578?api-version=2014-04-01-preview",
      "EncodedRequestUri": "L3N1YnNjcmlwdGlvbnMvYjgwY2YyMzktMmM3Mi00N2FiLWIzMDktYjI2YWVjNDY1NmIxL3Jlc291cmNlZ3JvdXBzL2F6c21uZXQ1Nzg/YXBpLXZlcnNpb249MjAxNC0wNC0wMS1wcmV2aWV3",
=======
      "RequestUri": "/subscriptions/b80cf239-2c72-47ab-b309-b26aec4656b1/resourcegroups/azsmnet4261?api-version=2014-04-01-preview",
      "EncodedRequestUri": "L3N1YnNjcmlwdGlvbnMvYjgwY2YyMzktMmM3Mi00N2FiLWIzMDktYjI2YWVjNDY1NmIxL3Jlc291cmNlZ3JvdXBzL2F6c21uZXQ0MjYxP2FwaS12ZXJzaW9uPTIwMTQtMDQtMDEtcHJldmlldw==",
>>>>>>> origin/AutoRest
      "RequestMethod": "PUT",
      "RequestBody": "{\r\n  \"location\": \"West US\"\r\n}",
      "RequestHeaders": {
        "Content-Type": [
          "application/json; charset=utf-8"
        ],
        "Content-Length": [
          "29"
        ],
<<<<<<< HEAD
        "User-Agent": [
          "Microsoft.Azure.Management.Resources.ResourceManagementClient/2.0.0.0"
        ]
      },
      "ResponseBody": "{\r\n  \"id\": \"/subscriptions/b80cf239-2c72-47ab-b309-b26aec4656b1/resourceGroups/azsmnet578\",\r\n  \"name\": \"azsmnet578\",\r\n  \"location\": \"westus\",\r\n  \"properties\": {\r\n    \"provisioningState\": \"Succeeded\"\r\n  }\r\n}",
      "ResponseHeaders": {
        "Content-Length": [
          "173"
=======
        "x-ms-client-request-id": [
          "19702320-b9fd-4c23-b4a7-ef87f88d27f9"
        ],
        "accept-language": [
          "en-US"
        ],
        "User-Agent": [
          "Microsoft.Azure.Management.Resources.ResourceManagementClient/3.0.0.0"
        ]
      },
      "ResponseBody": "{\r\n  \"id\": \"/subscriptions/b80cf239-2c72-47ab-b309-b26aec4656b1/resourceGroups/azsmnet4261\",\r\n  \"name\": \"azsmnet4261\",\r\n  \"location\": \"westus\",\r\n  \"properties\": {\r\n    \"provisioningState\": \"Succeeded\"\r\n  }\r\n}",
      "ResponseHeaders": {
        "Content-Length": [
          "175"
>>>>>>> origin/AutoRest
        ],
        "Content-Type": [
          "application/json; charset=utf-8"
        ],
        "Expires": [
          "-1"
        ],
        "Pragma": [
          "no-cache"
        ],
        "x-ms-ratelimit-remaining-subscription-writes": [
<<<<<<< HEAD
          "1176"
        ],
        "x-ms-request-id": [
          "bddfa588-9faa-4acd-883f-8aa32c01d909"
        ],
        "x-ms-correlation-request-id": [
          "bddfa588-9faa-4acd-883f-8aa32c01d909"
        ],
        "x-ms-routing-request-id": [
          "CENTRALUS:20150813T035907Z:bddfa588-9faa-4acd-883f-8aa32c01d909"
=======
          "1140"
        ],
        "x-ms-request-id": [
          "e04ae317-2a99-49fc-8c9c-5cff9306cc9a"
        ],
        "x-ms-correlation-request-id": [
          "e04ae317-2a99-49fc-8c9c-5cff9306cc9a"
        ],
        "x-ms-routing-request-id": [
          "CENTRALUS:20151209T194737Z:e04ae317-2a99-49fc-8c9c-5cff9306cc9a"
>>>>>>> origin/AutoRest
        ],
        "Strict-Transport-Security": [
          "max-age=31536000; includeSubDomains"
        ],
        "Cache-Control": [
          "no-cache"
        ],
        "Date": [
<<<<<<< HEAD
          "Thu, 13 Aug 2015 03:59:07 GMT"
=======
          "Wed, 09 Dec 2015 19:47:37 GMT"
>>>>>>> origin/AutoRest
        ]
      },
      "StatusCode": 201
    },
    {
<<<<<<< HEAD
      "RequestUri": "/subscriptions/b80cf239-2c72-47ab-b309-b26aec4656b1/resourceGroups/azsmnet578/providers/Microsoft.Search/searchServices/azs-4517?api-version=2015-02-28",
      "EncodedRequestUri": "L3N1YnNjcmlwdGlvbnMvYjgwY2YyMzktMmM3Mi00N2FiLWIzMDktYjI2YWVjNDY1NmIxL3Jlc291cmNlR3JvdXBzL2F6c21uZXQ1NzgvcHJvdmlkZXJzL01pY3Jvc29mdC5TZWFyY2gvc2VhcmNoU2VydmljZXMvYXpzLTQ1MTc/YXBpLXZlcnNpb249MjAxNS0wMi0yOA==",
=======
      "RequestUri": "/subscriptions/b80cf239-2c72-47ab-b309-b26aec4656b1/resourceGroups/azsmnet4261/providers/Microsoft.Search/searchServices/azs-507?api-version=2015-02-28",
      "EncodedRequestUri": "L3N1YnNjcmlwdGlvbnMvYjgwY2YyMzktMmM3Mi00N2FiLWIzMDktYjI2YWVjNDY1NmIxL3Jlc291cmNlR3JvdXBzL2F6c21uZXQ0MjYxL3Byb3ZpZGVycy9NaWNyb3NvZnQuU2VhcmNoL3NlYXJjaFNlcnZpY2VzL2F6cy01MDc/YXBpLXZlcnNpb249MjAxNS0wMi0yOA==",
>>>>>>> origin/AutoRest
      "RequestMethod": "PUT",
      "RequestBody": "{\r\n  \"location\": \"West US\",\r\n  \"properties\": {\r\n    \"sku\": {\r\n      \"name\": \"free\"\r\n    }\r\n  }\r\n}",
      "RequestHeaders": {
        "Content-Type": [
<<<<<<< HEAD
          "application/json"
=======
          "application/json; charset=utf-8"
>>>>>>> origin/AutoRest
        ],
        "Content-Length": [
          "97"
        ],
<<<<<<< HEAD
        "Accept": [
          "application/json"
=======
        "x-ms-client-request-id": [
          "ec8fa90a-94dc-4262-80c2-f2f6df4d70f9"
        ],
        "accept-language": [
          "en-US"
>>>>>>> origin/AutoRest
        ],
        "User-Agent": [
          "Microsoft.Azure.Management.Search.SearchManagementClient/1.0.0.0"
        ]
      },
<<<<<<< HEAD
      "ResponseBody": "{\r\n  \"id\": \"/subscriptions/b80cf239-2c72-47ab-b309-b26aec4656b1/resourceGroups/azsmnet578/providers/Microsoft.Search/searchServices/azs-4517\",\r\n  \"name\": \"azs-4517\",\r\n  \"type\": \"Microsoft.Search/searchServices\",\r\n  \"location\": \"West US\",\r\n  \"properties\": {\r\n    \"sku\": {\r\n      \"name\": \"free\"\r\n    },\r\n    \"replicaCount\": 1,\r\n    \"partitionCount\": 1,\r\n    \"status\": \"running\",\r\n    \"statusDetails\": null,\r\n    \"provisioningState\": \"succeeded\"\r\n  }\r\n}",
      "ResponseHeaders": {
        "Content-Length": [
          "362"
=======
      "ResponseBody": "{\r\n  \"id\": \"/subscriptions/b80cf239-2c72-47ab-b309-b26aec4656b1/resourceGroups/azsmnet4261/providers/Microsoft.Search/searchServices/azs-507\",\r\n  \"name\": \"azs-507\",\r\n  \"type\": \"Microsoft.Search/searchServices\",\r\n  \"location\": \"West US\",\r\n  \"properties\": {\r\n    \"sku\": {\r\n      \"name\": \"free\"\r\n    },\r\n    \"replicaCount\": 1,\r\n    \"partitionCount\": 1,\r\n    \"status\": \"running\",\r\n    \"statusDetails\": null,\r\n    \"provisioningState\": \"succeeded\"\r\n  }\r\n}",
      "ResponseHeaders": {
        "Content-Length": [
          "361"
>>>>>>> origin/AutoRest
        ],
        "Content-Type": [
          "application/json; charset=utf-8"
        ],
        "Expires": [
          "-1"
        ],
        "Pragma": [
          "no-cache"
        ],
        "request-id": [
<<<<<<< HEAD
          "e56079a2-775a-4695-a413-031ccc9b1f1e"
        ],
        "elapsed-time": [
          "1139"
=======
          "ec8fa90a-94dc-4262-80c2-f2f6df4d70f9"
        ],
        "elapsed-time": [
          "2461"
>>>>>>> origin/AutoRest
        ],
        "Strict-Transport-Security": [
          "max-age=31536000; includeSubDomains"
        ],
        "x-ms-ratelimit-remaining-subscription-writes": [
<<<<<<< HEAD
          "1179"
        ],
        "x-ms-request-id": [
          "4fc925cc-944e-47aa-8952-9924521b3342"
        ],
        "x-ms-correlation-request-id": [
          "4fc925cc-944e-47aa-8952-9924521b3342"
        ],
        "x-ms-routing-request-id": [
          "CENTRALUS:20150813T035911Z:4fc925cc-944e-47aa-8952-9924521b3342"
=======
          "1153"
        ],
        "x-ms-request-id": [
          "c004ccfb-dbc5-4035-95f9-e55a2dc5af2c"
        ],
        "x-ms-correlation-request-id": [
          "c004ccfb-dbc5-4035-95f9-e55a2dc5af2c"
        ],
        "x-ms-routing-request-id": [
          "CENTRALUS:20151209T194741Z:c004ccfb-dbc5-4035-95f9-e55a2dc5af2c"
>>>>>>> origin/AutoRest
        ],
        "Cache-Control": [
          "no-cache"
        ],
        "Date": [
<<<<<<< HEAD
          "Thu, 13 Aug 2015 03:59:11 GMT"
        ],
        "ETag": [
          "W/\"datetime'2015-08-13T03%3A59%3A11.1726307Z'\""
=======
          "Wed, 09 Dec 2015 19:47:41 GMT"
        ],
        "ETag": [
          "W/\"datetime'2015-12-09T19%3A47%3A41.6023821Z'\""
>>>>>>> origin/AutoRest
        ],
        "X-AspNet-Version": [
          "4.0.30319"
        ]
      },
      "StatusCode": 201
    },
    {
<<<<<<< HEAD
      "RequestUri": "/subscriptions/b80cf239-2c72-47ab-b309-b26aec4656b1/resourceGroups/azsmnet578/providers/Microsoft.Search/searchServices/azs-4517/listAdminKeys?api-version=2015-02-28",
      "EncodedRequestUri": "L3N1YnNjcmlwdGlvbnMvYjgwY2YyMzktMmM3Mi00N2FiLWIzMDktYjI2YWVjNDY1NmIxL3Jlc291cmNlR3JvdXBzL2F6c21uZXQ1NzgvcHJvdmlkZXJzL01pY3Jvc29mdC5TZWFyY2gvc2VhcmNoU2VydmljZXMvYXpzLTQ1MTcvbGlzdEFkbWluS2V5cz9hcGktdmVyc2lvbj0yMDE1LTAyLTI4",
      "RequestMethod": "POST",
      "RequestBody": "",
      "RequestHeaders": {
        "Accept": [
          "application/json"
=======
      "RequestUri": "/subscriptions/b80cf239-2c72-47ab-b309-b26aec4656b1/resourceGroups/azsmnet4261/providers/Microsoft.Search/searchServices/azs-507/listAdminKeys?api-version=2015-02-28",
      "EncodedRequestUri": "L3N1YnNjcmlwdGlvbnMvYjgwY2YyMzktMmM3Mi00N2FiLWIzMDktYjI2YWVjNDY1NmIxL3Jlc291cmNlR3JvdXBzL2F6c21uZXQ0MjYxL3Byb3ZpZGVycy9NaWNyb3NvZnQuU2VhcmNoL3NlYXJjaFNlcnZpY2VzL2F6cy01MDcvbGlzdEFkbWluS2V5cz9hcGktdmVyc2lvbj0yMDE1LTAyLTI4",
      "RequestMethod": "POST",
      "RequestBody": "",
      "RequestHeaders": {
        "x-ms-client-request-id": [
          "3bbe4936-c8f1-45e1-bf78-92b233dae1e9"
        ],
        "accept-language": [
          "en-US"
>>>>>>> origin/AutoRest
        ],
        "User-Agent": [
          "Microsoft.Azure.Management.Search.SearchManagementClient/1.0.0.0"
        ]
      },
<<<<<<< HEAD
      "ResponseBody": "{\r\n  \"primaryKey\": \"458558A634AD4C0E2C0F1461DC8CF901\",\r\n  \"secondaryKey\": \"85F63B57B6FFCEB516D9A815ED3DAAAA\"\r\n}",
=======
      "ResponseBody": "{\r\n  \"primaryKey\": \"C394FA1AE141087DCCD9DD7AAB2A1643\",\r\n  \"secondaryKey\": \"8FE7CDC172A50CC6E24DCE500B203422\"\r\n}",
>>>>>>> origin/AutoRest
      "ResponseHeaders": {
        "Content-Length": [
          "99"
        ],
        "Content-Type": [
          "application/json; charset=utf-8"
        ],
        "Expires": [
          "-1"
        ],
        "Pragma": [
          "no-cache"
        ],
        "request-id": [
<<<<<<< HEAD
          "93886ce3-a7ad-4279-9f16-59ec462aa77e"
        ],
        "elapsed-time": [
          "403"
=======
          "3bbe4936-c8f1-45e1-bf78-92b233dae1e9"
        ],
        "elapsed-time": [
          "243"
>>>>>>> origin/AutoRest
        ],
        "Strict-Transport-Security": [
          "max-age=31536000; includeSubDomains"
        ],
        "x-ms-ratelimit-remaining-subscription-writes": [
<<<<<<< HEAD
          "1178"
        ],
        "x-ms-request-id": [
          "4654826a-13b1-4cc7-af85-efce92c2445f"
        ],
        "x-ms-correlation-request-id": [
          "4654826a-13b1-4cc7-af85-efce92c2445f"
        ],
        "x-ms-routing-request-id": [
          "CENTRALUS:20150813T035912Z:4654826a-13b1-4cc7-af85-efce92c2445f"
=======
          "1152"
        ],
        "x-ms-request-id": [
          "e654242d-c7c5-455d-8a09-06c00a6890f5"
        ],
        "x-ms-correlation-request-id": [
          "e654242d-c7c5-455d-8a09-06c00a6890f5"
        ],
        "x-ms-routing-request-id": [
          "CENTRALUS:20151209T194742Z:e654242d-c7c5-455d-8a09-06c00a6890f5"
>>>>>>> origin/AutoRest
        ],
        "Cache-Control": [
          "no-cache"
        ],
        "Date": [
<<<<<<< HEAD
          "Thu, 13 Aug 2015 03:59:11 GMT"
=======
          "Wed, 09 Dec 2015 19:47:42 GMT"
>>>>>>> origin/AutoRest
        ],
        "X-AspNet-Version": [
          "4.0.30319"
        ]
      },
      "StatusCode": 200
    },
    {
<<<<<<< HEAD
      "RequestUri": "/subscriptions/b80cf239-2c72-47ab-b309-b26aec4656b1/resourceGroups/azsmnet578/providers/Microsoft.Search/searchServices/azs-4517/listQueryKeys?api-version=2015-02-28",
      "EncodedRequestUri": "L3N1YnNjcmlwdGlvbnMvYjgwY2YyMzktMmM3Mi00N2FiLWIzMDktYjI2YWVjNDY1NmIxL3Jlc291cmNlR3JvdXBzL2F6c21uZXQ1NzgvcHJvdmlkZXJzL01pY3Jvc29mdC5TZWFyY2gvc2VhcmNoU2VydmljZXMvYXpzLTQ1MTcvbGlzdFF1ZXJ5S2V5cz9hcGktdmVyc2lvbj0yMDE1LTAyLTI4",
      "RequestMethod": "GET",
      "RequestBody": "",
      "RequestHeaders": {
        "Accept": [
          "application/json"
=======
      "RequestUri": "/subscriptions/b80cf239-2c72-47ab-b309-b26aec4656b1/resourceGroups/azsmnet4261/providers/Microsoft.Search/searchServices/azs-507/listQueryKeys?api-version=2015-02-28",
      "EncodedRequestUri": "L3N1YnNjcmlwdGlvbnMvYjgwY2YyMzktMmM3Mi00N2FiLWIzMDktYjI2YWVjNDY1NmIxL3Jlc291cmNlR3JvdXBzL2F6c21uZXQ0MjYxL3Byb3ZpZGVycy9NaWNyb3NvZnQuU2VhcmNoL3NlYXJjaFNlcnZpY2VzL2F6cy01MDcvbGlzdFF1ZXJ5S2V5cz9hcGktdmVyc2lvbj0yMDE1LTAyLTI4",
      "RequestMethod": "GET",
      "RequestBody": "",
      "RequestHeaders": {
        "x-ms-client-request-id": [
          "4f19f9b4-66f9-4410-8a91-ff67afcb1f3d"
        ],
        "accept-language": [
          "en-US"
>>>>>>> origin/AutoRest
        ],
        "User-Agent": [
          "Microsoft.Azure.Management.Search.SearchManagementClient/1.0.0.0"
        ]
      },
<<<<<<< HEAD
      "ResponseBody": "{\r\n  \"value\": [\r\n    {\r\n      \"name\": null,\r\n      \"key\": \"223B6F883370FF1788C5CE8FC4AE6C19\"\r\n    }\r\n  ],\r\n  \"nextLink\": null\r\n}",
=======
      "ResponseBody": "{\r\n  \"value\": [\r\n    {\r\n      \"name\": null,\r\n      \"key\": \"5344FF3CC8B224E102E32BC42793D9A5\"\r\n    }\r\n  ],\r\n  \"nextLink\": null\r\n}",
>>>>>>> origin/AutoRest
      "ResponseHeaders": {
        "Content-Length": [
          "82"
        ],
        "Content-Type": [
          "application/json; charset=utf-8"
        ],
        "Expires": [
          "-1"
        ],
        "Pragma": [
          "no-cache"
        ],
        "request-id": [
<<<<<<< HEAD
          "36d7d974-ac8a-436a-b06b-bdb587e60c3d"
        ],
        "elapsed-time": [
          "211"
=======
          "4f19f9b4-66f9-4410-8a91-ff67afcb1f3d"
        ],
        "elapsed-time": [
          "770"
>>>>>>> origin/AutoRest
        ],
        "Strict-Transport-Security": [
          "max-age=31536000; includeSubDomains"
        ],
        "x-ms-ratelimit-remaining-subscription-reads": [
<<<<<<< HEAD
          "14990"
        ],
        "x-ms-request-id": [
          "b8735762-942a-44c8-8c40-a91b1370e7f0"
        ],
        "x-ms-correlation-request-id": [
          "b8735762-942a-44c8-8c40-a91b1370e7f0"
        ],
        "x-ms-routing-request-id": [
          "CENTRALUS:20150813T035912Z:b8735762-942a-44c8-8c40-a91b1370e7f0"
=======
          "14992"
        ],
        "x-ms-request-id": [
          "955dff62-57ad-4116-8529-b5097c8a29e8"
        ],
        "x-ms-correlation-request-id": [
          "955dff62-57ad-4116-8529-b5097c8a29e8"
        ],
        "x-ms-routing-request-id": [
          "CENTRALUS:20151209T194743Z:955dff62-57ad-4116-8529-b5097c8a29e8"
>>>>>>> origin/AutoRest
        ],
        "Cache-Control": [
          "no-cache"
        ],
        "Date": [
<<<<<<< HEAD
          "Thu, 13 Aug 2015 03:59:11 GMT"
=======
          "Wed, 09 Dec 2015 19:47:42 GMT"
>>>>>>> origin/AutoRest
        ],
        "X-AspNet-Version": [
          "4.0.30319"
        ]
      },
      "StatusCode": 200
    },
    {
      "RequestUri": "/indexes?api-version=2015-02-28",
      "EncodedRequestUri": "L2luZGV4ZXM/YXBpLXZlcnNpb249MjAxNS0wMi0yOA==",
      "RequestMethod": "POST",
<<<<<<< HEAD
      "RequestBody": "{\r\n  \"name\": \"azsmnet523\",\r\n  \"fields\": [\r\n    {\r\n      \"name\": \"hotelId\",\r\n      \"type\": \"Edm.String\",\r\n      \"key\": true,\r\n      \"searchable\": false,\r\n      \"filterable\": true,\r\n      \"sortable\": true,\r\n      \"facetable\": true,\r\n      \"retrievable\": true\r\n    },\r\n    {\r\n      \"name\": \"baseRate\",\r\n      \"type\": \"Edm.Double\",\r\n      \"key\": false,\r\n      \"searchable\": false,\r\n      \"filterable\": true,\r\n      \"sortable\": true,\r\n      \"facetable\": true,\r\n      \"retrievable\": true\r\n    },\r\n    {\r\n      \"name\": \"description\",\r\n      \"type\": \"Edm.String\",\r\n      \"key\": false,\r\n      \"searchable\": true,\r\n      \"filterable\": false,\r\n      \"sortable\": false,\r\n      \"facetable\": false,\r\n      \"retrievable\": true\r\n    },\r\n    {\r\n      \"name\": \"descriptionFr\",\r\n      \"type\": \"Edm.String\",\r\n      \"key\": false,\r\n      \"searchable\": true,\r\n      \"filterable\": false,\r\n      \"sortable\": false,\r\n      \"facetable\": false,\r\n      \"retrievable\": true,\r\n      \"analyzer\": \"fr.lucene\"\r\n    },\r\n    {\r\n      \"name\": \"hotelName\",\r\n      \"type\": \"Edm.String\",\r\n      \"key\": false,\r\n      \"searchable\": true,\r\n      \"filterable\": true,\r\n      \"sortable\": true,\r\n      \"facetable\": true,\r\n      \"retrievable\": true\r\n    },\r\n    {\r\n      \"name\": \"category\",\r\n      \"type\": \"Edm.String\",\r\n      \"key\": false,\r\n      \"searchable\": true,\r\n      \"filterable\": true,\r\n      \"sortable\": true,\r\n      \"facetable\": true,\r\n      \"retrievable\": true\r\n    },\r\n    {\r\n      \"name\": \"tags\",\r\n      \"type\": \"Collection(Edm.String)\",\r\n      \"key\": false,\r\n      \"searchable\": true,\r\n      \"filterable\": true,\r\n      \"sortable\": false,\r\n      \"facetable\": true,\r\n      \"retrievable\": true\r\n    },\r\n    {\r\n      \"name\": \"parkingIncluded\",\r\n      \"type\": \"Edm.Boolean\",\r\n      \"key\": false,\r\n      \"searchable\": false,\r\n      \"filterable\": true,\r\n      \"sortable\": true,\r\n      \"facetable\": true,\r\n      \"retrievable\": true\r\n    },\r\n    {\r\n      \"name\": \"smokingAllowed\",\r\n      \"type\": \"Edm.Boolean\",\r\n      \"key\": false,\r\n      \"searchable\": false,\r\n      \"filterable\": true,\r\n      \"sortable\": true,\r\n      \"facetable\": true,\r\n      \"retrievable\": true\r\n    },\r\n    {\r\n      \"name\": \"lastRenovationDate\",\r\n      \"type\": \"Edm.DateTimeOffset\",\r\n      \"key\": false,\r\n      \"searchable\": false,\r\n      \"filterable\": true,\r\n      \"sortable\": true,\r\n      \"facetable\": true,\r\n      \"retrievable\": true\r\n    },\r\n    {\r\n      \"name\": \"rating\",\r\n      \"type\": \"Edm.Int32\",\r\n      \"key\": false,\r\n      \"searchable\": false,\r\n      \"filterable\": true,\r\n      \"sortable\": true,\r\n      \"facetable\": true,\r\n      \"retrievable\": true\r\n    },\r\n    {\r\n      \"name\": \"location\",\r\n      \"type\": \"Edm.GeographyPoint\",\r\n      \"key\": false,\r\n      \"searchable\": false,\r\n      \"filterable\": true,\r\n      \"sortable\": true,\r\n      \"facetable\": false,\r\n      \"retrievable\": true\r\n    }\r\n  ],\r\n  \"scoringProfiles\": [\r\n    {\r\n      \"name\": \"nearest\",\r\n      \"functions\": [\r\n        {\r\n          \"type\": \"distance\",\r\n          \"distance\": {\r\n            \"referencePointParameter\": \"myloc\",\r\n            \"boostingDistance\": 100.0\r\n          },\r\n          \"fieldName\": \"location\",\r\n          \"boost\": 2.0,\r\n          \"interpolation\": \"linear\"\r\n        }\r\n      ],\r\n      \"functionAggregation\": \"sum\"\r\n    }\r\n  ],\r\n  \"suggesters\": [\r\n    {\r\n      \"name\": \"sg\",\r\n      \"searchMode\": \"analyzingInfixMatching\",\r\n      \"sourceFields\": [\r\n        \"description\",\r\n        \"hotelName\"\r\n      ]\r\n    }\r\n  ]\r\n}",
      "RequestHeaders": {
        "Content-Type": [
          "application/json"
        ],
        "Content-Length": [
          "3438"
        ],
        "Accept": [
          "application/json; odata.metadata=none"
        ],
        "api-key": [
          "458558A634AD4C0E2C0F1461DC8CF901"
        ],
        "User-Agent": [
          "Microsoft.Azure.Search.SearchServiceClient/0.9.0.0"
        ]
      },
      "ResponseBody": "{\r\n  \"name\": \"azsmnet523\",\r\n  \"fields\": [\r\n    {\r\n      \"name\": \"hotelId\",\r\n      \"type\": \"Edm.String\",\r\n      \"searchable\": false,\r\n      \"filterable\": true,\r\n      \"retrievable\": true,\r\n      \"sortable\": true,\r\n      \"facetable\": true,\r\n      \"key\": true,\r\n      \"analyzer\": null\r\n    },\r\n    {\r\n      \"name\": \"baseRate\",\r\n      \"type\": \"Edm.Double\",\r\n      \"searchable\": false,\r\n      \"filterable\": true,\r\n      \"retrievable\": true,\r\n      \"sortable\": true,\r\n      \"facetable\": true,\r\n      \"key\": false,\r\n      \"analyzer\": null\r\n    },\r\n    {\r\n      \"name\": \"description\",\r\n      \"type\": \"Edm.String\",\r\n      \"searchable\": true,\r\n      \"filterable\": false,\r\n      \"retrievable\": true,\r\n      \"sortable\": false,\r\n      \"facetable\": false,\r\n      \"key\": false,\r\n      \"analyzer\": null\r\n    },\r\n    {\r\n      \"name\": \"descriptionFr\",\r\n      \"type\": \"Edm.String\",\r\n      \"searchable\": true,\r\n      \"filterable\": false,\r\n      \"retrievable\": true,\r\n      \"sortable\": false,\r\n      \"facetable\": false,\r\n      \"key\": false,\r\n      \"analyzer\": \"fr.lucene\"\r\n    },\r\n    {\r\n      \"name\": \"hotelName\",\r\n      \"type\": \"Edm.String\",\r\n      \"searchable\": true,\r\n      \"filterable\": true,\r\n      \"retrievable\": true,\r\n      \"sortable\": true,\r\n      \"facetable\": true,\r\n      \"key\": false,\r\n      \"analyzer\": null\r\n    },\r\n    {\r\n      \"name\": \"category\",\r\n      \"type\": \"Edm.String\",\r\n      \"searchable\": true,\r\n      \"filterable\": true,\r\n      \"retrievable\": true,\r\n      \"sortable\": true,\r\n      \"facetable\": true,\r\n      \"key\": false,\r\n      \"analyzer\": null\r\n    },\r\n    {\r\n      \"name\": \"tags\",\r\n      \"type\": \"Collection(Edm.String)\",\r\n      \"searchable\": true,\r\n      \"filterable\": true,\r\n      \"retrievable\": true,\r\n      \"sortable\": false,\r\n      \"facetable\": true,\r\n      \"key\": false,\r\n      \"analyzer\": null\r\n    },\r\n    {\r\n      \"name\": \"parkingIncluded\",\r\n      \"type\": \"Edm.Boolean\",\r\n      \"searchable\": false,\r\n      \"filterable\": true,\r\n      \"retrievable\": true,\r\n      \"sortable\": true,\r\n      \"facetable\": true,\r\n      \"key\": false,\r\n      \"analyzer\": null\r\n    },\r\n    {\r\n      \"name\": \"smokingAllowed\",\r\n      \"type\": \"Edm.Boolean\",\r\n      \"searchable\": false,\r\n      \"filterable\": true,\r\n      \"retrievable\": true,\r\n      \"sortable\": true,\r\n      \"facetable\": true,\r\n      \"key\": false,\r\n      \"analyzer\": null\r\n    },\r\n    {\r\n      \"name\": \"lastRenovationDate\",\r\n      \"type\": \"Edm.DateTimeOffset\",\r\n      \"searchable\": false,\r\n      \"filterable\": true,\r\n      \"retrievable\": true,\r\n      \"sortable\": true,\r\n      \"facetable\": true,\r\n      \"key\": false,\r\n      \"analyzer\": null\r\n    },\r\n    {\r\n      \"name\": \"rating\",\r\n      \"type\": \"Edm.Int32\",\r\n      \"searchable\": false,\r\n      \"filterable\": true,\r\n      \"retrievable\": true,\r\n      \"sortable\": true,\r\n      \"facetable\": true,\r\n      \"key\": false,\r\n      \"analyzer\": null\r\n    },\r\n    {\r\n      \"name\": \"location\",\r\n      \"type\": \"Edm.GeographyPoint\",\r\n      \"searchable\": false,\r\n      \"filterable\": true,\r\n      \"retrievable\": true,\r\n      \"sortable\": true,\r\n      \"facetable\": false,\r\n      \"key\": false,\r\n      \"analyzer\": null\r\n    }\r\n  ],\r\n  \"scoringProfiles\": [\r\n    {\r\n      \"name\": \"nearest\",\r\n      \"text\": null,\r\n      \"functions\": [\r\n        {\r\n          \"fieldName\": \"location\",\r\n          \"freshness\": null,\r\n          \"interpolation\": \"linear\",\r\n          \"magnitude\": null,\r\n          \"distance\": {\r\n            \"referencePointParameter\": \"myloc\",\r\n            \"boostingDistance\": 100.0\r\n          },\r\n          \"tag\": null,\r\n          \"type\": \"distance\",\r\n          \"boost\": 2.0\r\n        }\r\n      ],\r\n      \"functionAggregation\": \"sum\"\r\n    }\r\n  ],\r\n  \"defaultScoringProfile\": null,\r\n  \"corsOptions\": null,\r\n  \"suggesters\": [\r\n    {\r\n      \"name\": \"sg\",\r\n      \"searchMode\": \"analyzingInfixMatching\",\r\n      \"sourceFields\": [\r\n        \"description\",\r\n        \"hotelName\"\r\n      ]\r\n    }\r\n  ]\r\n}",
      "ResponseHeaders": {
        "Content-Length": [
          "2427"
        ],
        "Content-Type": [
          "application/json; odata.metadata=none"
=======
      "RequestBody": "{\r\n  \"name\": \"azsmnet3104\",\r\n  \"fields\": [\r\n    {\r\n      \"type\": \"Edm.String\",\r\n      \"name\": \"hotelId\",\r\n      \"key\": true,\r\n      \"searchable\": false,\r\n      \"filterable\": true,\r\n      \"sortable\": true,\r\n      \"facetable\": true,\r\n      \"retrievable\": true\r\n    },\r\n    {\r\n      \"type\": \"Edm.Double\",\r\n      \"name\": \"baseRate\",\r\n      \"key\": false,\r\n      \"searchable\": false,\r\n      \"filterable\": true,\r\n      \"sortable\": true,\r\n      \"facetable\": true,\r\n      \"retrievable\": true\r\n    },\r\n    {\r\n      \"type\": \"Edm.String\",\r\n      \"name\": \"description\",\r\n      \"key\": false,\r\n      \"searchable\": true,\r\n      \"filterable\": false,\r\n      \"sortable\": false,\r\n      \"facetable\": false,\r\n      \"retrievable\": true\r\n    },\r\n    {\r\n      \"type\": \"Edm.String\",\r\n      \"analyzer\": \"fr.lucene\",\r\n      \"name\": \"descriptionFr\",\r\n      \"key\": false,\r\n      \"searchable\": true,\r\n      \"filterable\": false,\r\n      \"sortable\": false,\r\n      \"facetable\": false,\r\n      \"retrievable\": true\r\n    },\r\n    {\r\n      \"type\": \"Edm.String\",\r\n      \"name\": \"hotelName\",\r\n      \"key\": false,\r\n      \"searchable\": true,\r\n      \"filterable\": true,\r\n      \"sortable\": true,\r\n      \"facetable\": true,\r\n      \"retrievable\": true\r\n    },\r\n    {\r\n      \"type\": \"Edm.String\",\r\n      \"name\": \"category\",\r\n      \"key\": false,\r\n      \"searchable\": true,\r\n      \"filterable\": true,\r\n      \"sortable\": true,\r\n      \"facetable\": true,\r\n      \"retrievable\": true\r\n    },\r\n    {\r\n      \"type\": \"Collection(Edm.String)\",\r\n      \"name\": \"tags\",\r\n      \"key\": false,\r\n      \"searchable\": true,\r\n      \"filterable\": true,\r\n      \"sortable\": false,\r\n      \"facetable\": true,\r\n      \"retrievable\": true\r\n    },\r\n    {\r\n      \"type\": \"Edm.Boolean\",\r\n      \"name\": \"parkingIncluded\",\r\n      \"key\": false,\r\n      \"searchable\": false,\r\n      \"filterable\": true,\r\n      \"sortable\": true,\r\n      \"facetable\": true,\r\n      \"retrievable\": true\r\n    },\r\n    {\r\n      \"type\": \"Edm.Boolean\",\r\n      \"name\": \"smokingAllowed\",\r\n      \"key\": false,\r\n      \"searchable\": false,\r\n      \"filterable\": true,\r\n      \"sortable\": true,\r\n      \"facetable\": true,\r\n      \"retrievable\": true\r\n    },\r\n    {\r\n      \"type\": \"Edm.DateTimeOffset\",\r\n      \"name\": \"lastRenovationDate\",\r\n      \"key\": false,\r\n      \"searchable\": false,\r\n      \"filterable\": true,\r\n      \"sortable\": true,\r\n      \"facetable\": true,\r\n      \"retrievable\": true\r\n    },\r\n    {\r\n      \"type\": \"Edm.Int32\",\r\n      \"name\": \"rating\",\r\n      \"key\": false,\r\n      \"searchable\": false,\r\n      \"filterable\": true,\r\n      \"sortable\": true,\r\n      \"facetable\": true,\r\n      \"retrievable\": true\r\n    },\r\n    {\r\n      \"type\": \"Edm.GeographyPoint\",\r\n      \"name\": \"location\",\r\n      \"key\": false,\r\n      \"searchable\": false,\r\n      \"filterable\": true,\r\n      \"sortable\": true,\r\n      \"facetable\": false,\r\n      \"retrievable\": true\r\n    }\r\n  ],\r\n  \"scoringProfiles\": [\r\n    {\r\n      \"name\": \"nearest\",\r\n      \"functions\": [\r\n        {\r\n          \"type\": \"distance\",\r\n          \"distance\": {\r\n            \"referencePointParameter\": \"myloc\",\r\n            \"boostingDistance\": 100.0\r\n          },\r\n          \"fieldName\": \"location\",\r\n          \"boost\": 2.0\r\n        }\r\n      ],\r\n      \"functionAggregation\": \"sum\"\r\n    }\r\n  ],\r\n  \"suggesters\": [\r\n    {\r\n      \"name\": \"sg\",\r\n      \"searchMode\": \"analyzingInfixMatching\",\r\n      \"sourceFields\": [\r\n        \"description\",\r\n        \"hotelName\"\r\n      ]\r\n    }\r\n  ]\r\n}",
      "RequestHeaders": {
        "Content-Type": [
          "application/json; charset=utf-8"
        ],
        "Content-Length": [
          "3401"
        ],
        "x-ms-client-request-id": [
          "9b63b31a-e031-4d6d-830d-cceba37ae7f2"
        ],
        "accept-language": [
          "en-US"
        ],
        "api-key": [
          "C394FA1AE141087DCCD9DD7AAB2A1643"
        ],
        "Prefer": [
          "return=representation"
        ],
        "User-Agent": [
          "Microsoft.Azure.Search.SearchServiceClient/1.0.0.0"
        ]
      },
      "ResponseBody": "{\r\n  \"@odata.context\": \"https://azs-507.search-dogfood.windows-int.net/$metadata#indexes/$entity\",\r\n  \"name\": \"azsmnet3104\",\r\n  \"fields\": [\r\n    {\r\n      \"name\": \"hotelId\",\r\n      \"type\": \"Edm.String\",\r\n      \"searchable\": false,\r\n      \"filterable\": true,\r\n      \"retrievable\": true,\r\n      \"sortable\": true,\r\n      \"facetable\": true,\r\n      \"key\": true,\r\n      \"analyzer\": null\r\n    },\r\n    {\r\n      \"name\": \"baseRate\",\r\n      \"type\": \"Edm.Double\",\r\n      \"searchable\": false,\r\n      \"filterable\": true,\r\n      \"retrievable\": true,\r\n      \"sortable\": true,\r\n      \"facetable\": true,\r\n      \"key\": false,\r\n      \"analyzer\": null\r\n    },\r\n    {\r\n      \"name\": \"description\",\r\n      \"type\": \"Edm.String\",\r\n      \"searchable\": true,\r\n      \"filterable\": false,\r\n      \"retrievable\": true,\r\n      \"sortable\": false,\r\n      \"facetable\": false,\r\n      \"key\": false,\r\n      \"analyzer\": null\r\n    },\r\n    {\r\n      \"name\": \"descriptionFr\",\r\n      \"type\": \"Edm.String\",\r\n      \"searchable\": true,\r\n      \"filterable\": false,\r\n      \"retrievable\": true,\r\n      \"sortable\": false,\r\n      \"facetable\": false,\r\n      \"key\": false,\r\n      \"analyzer\": \"fr.lucene\"\r\n    },\r\n    {\r\n      \"name\": \"hotelName\",\r\n      \"type\": \"Edm.String\",\r\n      \"searchable\": true,\r\n      \"filterable\": true,\r\n      \"retrievable\": true,\r\n      \"sortable\": true,\r\n      \"facetable\": true,\r\n      \"key\": false,\r\n      \"analyzer\": null\r\n    },\r\n    {\r\n      \"name\": \"category\",\r\n      \"type\": \"Edm.String\",\r\n      \"searchable\": true,\r\n      \"filterable\": true,\r\n      \"retrievable\": true,\r\n      \"sortable\": true,\r\n      \"facetable\": true,\r\n      \"key\": false,\r\n      \"analyzer\": null\r\n    },\r\n    {\r\n      \"name\": \"tags\",\r\n      \"type\": \"Collection(Edm.String)\",\r\n      \"searchable\": true,\r\n      \"filterable\": true,\r\n      \"retrievable\": true,\r\n      \"sortable\": false,\r\n      \"facetable\": true,\r\n      \"key\": false,\r\n      \"analyzer\": null\r\n    },\r\n    {\r\n      \"name\": \"parkingIncluded\",\r\n      \"type\": \"Edm.Boolean\",\r\n      \"searchable\": false,\r\n      \"filterable\": true,\r\n      \"retrievable\": true,\r\n      \"sortable\": true,\r\n      \"facetable\": true,\r\n      \"key\": false,\r\n      \"analyzer\": null\r\n    },\r\n    {\r\n      \"name\": \"smokingAllowed\",\r\n      \"type\": \"Edm.Boolean\",\r\n      \"searchable\": false,\r\n      \"filterable\": true,\r\n      \"retrievable\": true,\r\n      \"sortable\": true,\r\n      \"facetable\": true,\r\n      \"key\": false,\r\n      \"analyzer\": null\r\n    },\r\n    {\r\n      \"name\": \"lastRenovationDate\",\r\n      \"type\": \"Edm.DateTimeOffset\",\r\n      \"searchable\": false,\r\n      \"filterable\": true,\r\n      \"retrievable\": true,\r\n      \"sortable\": true,\r\n      \"facetable\": true,\r\n      \"key\": false,\r\n      \"analyzer\": null\r\n    },\r\n    {\r\n      \"name\": \"rating\",\r\n      \"type\": \"Edm.Int32\",\r\n      \"searchable\": false,\r\n      \"filterable\": true,\r\n      \"retrievable\": true,\r\n      \"sortable\": true,\r\n      \"facetable\": true,\r\n      \"key\": false,\r\n      \"analyzer\": null\r\n    },\r\n    {\r\n      \"name\": \"location\",\r\n      \"type\": \"Edm.GeographyPoint\",\r\n      \"searchable\": false,\r\n      \"filterable\": true,\r\n      \"retrievable\": true,\r\n      \"sortable\": true,\r\n      \"facetable\": false,\r\n      \"key\": false,\r\n      \"analyzer\": null\r\n    }\r\n  ],\r\n  \"scoringProfiles\": [\r\n    {\r\n      \"name\": \"nearest\",\r\n      \"text\": null,\r\n      \"functions\": [\r\n        {\r\n          \"fieldName\": \"location\",\r\n          \"freshness\": null,\r\n          \"interpolation\": \"linear\",\r\n          \"magnitude\": null,\r\n          \"distance\": {\r\n            \"referencePointParameter\": \"myloc\",\r\n            \"boostingDistance\": 100.0\r\n          },\r\n          \"tag\": null,\r\n          \"type\": \"distance\",\r\n          \"boost\": 2.0\r\n        }\r\n      ],\r\n      \"functionAggregation\": \"sum\"\r\n    }\r\n  ],\r\n  \"defaultScoringProfile\": null,\r\n  \"corsOptions\": null,\r\n  \"suggesters\": [\r\n    {\r\n      \"name\": \"sg\",\r\n      \"searchMode\": \"analyzingInfixMatching\",\r\n      \"sourceFields\": [\r\n        \"description\",\r\n        \"hotelName\"\r\n      ]\r\n    }\r\n  ]\r\n}",
      "ResponseHeaders": {
        "Content-Length": [
          "2520"
        ],
        "Content-Type": [
          "application/json; odata.metadata=minimal"
>>>>>>> origin/AutoRest
        ],
        "Expires": [
          "-1"
        ],
        "Pragma": [
          "no-cache"
        ],
        "request-id": [
<<<<<<< HEAD
          "622f0725-d63c-4543-a3a4-17cf7e77e762"
        ],
        "elapsed-time": [
          "1856"
=======
          "9b63b31a-e031-4d6d-830d-cceba37ae7f2"
        ],
        "elapsed-time": [
          "1172"
>>>>>>> origin/AutoRest
        ],
        "OData-Version": [
          "4.0"
        ],
        "Preference-Applied": [
          "odata.include-annotations=\"*\""
        ],
        "Strict-Transport-Security": [
          "max-age=15724800; includeSubDomains"
        ],
        "Cache-Control": [
          "no-cache"
        ],
        "Date": [
<<<<<<< HEAD
          "Thu, 13 Aug 2015 03:59:15 GMT"
        ],
        "Location": [
          "https://azs-4517.search-dogfood.windows-int.net/indexes('azsmnet523')?api-version=2015-02-28"
=======
          "Wed, 09 Dec 2015 19:47:45 GMT"
        ],
        "ETag": [
          "W/\"0x8D300D19C81CC39\""
        ],
        "Location": [
          "https://azs-507.search-dogfood.windows-int.net/indexes('azsmnet3104')?api-version=2015-02-28"
>>>>>>> origin/AutoRest
        ]
      },
      "StatusCode": 201
    },
    {
<<<<<<< HEAD
      "RequestUri": "/indexes/azsmnet523/docs/search.index?api-version=2015-02-28",
      "EncodedRequestUri": "L2luZGV4ZXMvYXpzbW5ldDUyMy9kb2NzL3NlYXJjaC5pbmRleD9hcGktdmVyc2lvbj0yMDE1LTAyLTI4",
=======
      "RequestUri": "/indexes/azsmnet3104/docs/search.index?api-version=2015-02-28",
      "EncodedRequestUri": "L2luZGV4ZXMvYXpzbW5ldDMxMDQvZG9jcy9zZWFyY2guaW5kZXg/YXBpLXZlcnNpb249MjAxNS0wMi0yOA==",
>>>>>>> origin/AutoRest
      "RequestMethod": "POST",
      "RequestBody": "{\r\n  \"value\": [\r\n    {\r\n      \"@search.action\": \"upload\",\r\n      \"hotelId\": \"1\",\r\n      \"baseRate\": 199.0,\r\n      \"description\": \"Best hotel in town if you like luxury hotels. They have an amazing infinity pool, a spa, and a really helpful concierge. The location is perfect -- right downtown, close to all the tourist attractions. We highly recommend this hotel.\",\r\n      \"descriptionFr\": \"Meilleur hôtel en ville si vous aimez les hôtels de luxe. Ils ont une magnifique piscine à débordement, un spa et un concierge très utile. L'emplacement est parfait – en plein centre, à proximité de toutes les attractions touristiques. Nous recommandons fortement cet hôtel.\",\r\n      \"hotelName\": \"Fancy Stay\",\r\n      \"category\": \"Luxury\",\r\n      \"tags\": [\r\n        \"pool\",\r\n        \"view\",\r\n        \"wifi\",\r\n        \"concierge\"\r\n      ],\r\n      \"parkingIncluded\": false,\r\n      \"smokingAllowed\": false,\r\n      \"lastRenovationDate\": \"2010-06-26T17:00:00-07:00\",\r\n      \"rating\": 5,\r\n      \"location\": {\r\n        \"type\": \"Point\",\r\n        \"coordinates\": [\r\n          -122.131577,\r\n          47.678581\r\n        ]\r\n      }\r\n    },\r\n    {\r\n      \"@search.action\": \"upload\",\r\n      \"hotelId\": \"2\",\r\n      \"baseRate\": 79.99,\r\n      \"description\": \"Cheapest hotel in town\",\r\n      \"descriptionFr\": \"Hôtel le moins cher en ville\",\r\n      \"hotelName\": \"Roach Motel\",\r\n      \"category\": \"Budget\",\r\n      \"tags\": [\r\n        \"motel\",\r\n        \"budget\"\r\n      ],\r\n      \"parkingIncluded\": true,\r\n      \"smokingAllowed\": true,\r\n      \"lastRenovationDate\": \"1982-04-27T17:00:00-07:00\",\r\n      \"rating\": 1,\r\n      \"location\": {\r\n        \"type\": \"Point\",\r\n        \"coordinates\": [\r\n          -122.131577,\r\n          49.678581\r\n        ]\r\n      }\r\n    },\r\n    {\r\n      \"@search.action\": \"upload\",\r\n      \"hotelId\": \"3\",\r\n      \"baseRate\": 129.99,\r\n      \"description\": \"Most popular hotel in town\",\r\n      \"descriptionFr\": \"Hôtel le plus populaire en ville\",\r\n      \"hotelName\": \"EconoStay\",\r\n      \"category\": \"Budget\",\r\n      \"tags\": [\r\n        \"wifi\",\r\n        \"budget\"\r\n      ],\r\n      \"parkingIncluded\": true,\r\n      \"smokingAllowed\": false,\r\n      \"lastRenovationDate\": \"1995-06-30T17:00:00-07:00\",\r\n      \"rating\": 4,\r\n      \"location\": {\r\n        \"type\": \"Point\",\r\n        \"coordinates\": [\r\n          -122.131577,\r\n          46.678581\r\n        ]\r\n      }\r\n    },\r\n    {\r\n      \"@search.action\": \"upload\",\r\n      \"hotelId\": \"4\",\r\n      \"baseRate\": 129.99,\r\n      \"description\": \"Pretty good hotel\",\r\n      \"descriptionFr\": \"Assez bon hôtel\",\r\n      \"hotelName\": \"Express Rooms\",\r\n      \"category\": \"Budget\",\r\n      \"tags\": [\r\n        \"wifi\",\r\n        \"budget\"\r\n      ],\r\n      \"parkingIncluded\": true,\r\n      \"smokingAllowed\": false,\r\n      \"lastRenovationDate\": \"1995-06-30T17:00:00-07:00\",\r\n      \"rating\": 4,\r\n      \"location\": {\r\n        \"type\": \"Point\",\r\n        \"coordinates\": [\r\n          -122.131577,\r\n          48.678581\r\n        ]\r\n      }\r\n    },\r\n    {\r\n      \"@search.action\": \"upload\",\r\n      \"hotelId\": \"5\",\r\n      \"baseRate\": 129.99,\r\n      \"description\": \"Another good hotel\",\r\n      \"descriptionFr\": \"Un autre bon hôtel\",\r\n      \"hotelName\": \"Comfy Place\",\r\n      \"category\": \"Budget\",\r\n      \"tags\": [\r\n        \"wifi\",\r\n        \"budget\"\r\n      ],\r\n      \"parkingIncluded\": true,\r\n      \"smokingAllowed\": false,\r\n      \"lastRenovationDate\": \"2012-08-11T17:00:00-07:00\",\r\n      \"rating\": 4,\r\n      \"location\": {\r\n        \"type\": \"Point\",\r\n        \"coordinates\": [\r\n          -122.131577,\r\n          48.678581\r\n        ]\r\n      }\r\n    },\r\n    {\r\n      \"@search.action\": \"upload\",\r\n      \"hotelId\": \"6\",\r\n      \"baseRate\": 279.99,\r\n      \"description\": \"Surprisingly expensive\"\r\n    }\r\n  ]\r\n}",
      "RequestHeaders": {
        "Content-Type": [
<<<<<<< HEAD
          "application/json"
=======
          "application/json; charset=utf-8"
>>>>>>> origin/AutoRest
        ],
        "Content-Length": [
          "3701"
        ],
<<<<<<< HEAD
=======
        "accept-language": [
          "en-US"
        ],
>>>>>>> origin/AutoRest
        "Accept": [
          "application/json; odata.metadata=none"
        ],
        "api-key": [
<<<<<<< HEAD
          "458558A634AD4C0E2C0F1461DC8CF901"
        ],
        "User-Agent": [
          "Microsoft.Azure.Search.SearchIndexClient/0.9.0.0"
=======
          "C394FA1AE141087DCCD9DD7AAB2A1643"
        ],
        "Prefer": [
          "return=representation"
        ],
        "User-Agent": [
          "Microsoft.Azure.Search.SearchIndexClient/1.0.0.0"
>>>>>>> origin/AutoRest
        ]
      },
      "ResponseBody": "{\r\n  \"value\": [\r\n    {\r\n      \"key\": \"1\",\r\n      \"status\": true,\r\n      \"errorMessage\": null\r\n    },\r\n    {\r\n      \"key\": \"2\",\r\n      \"status\": true,\r\n      \"errorMessage\": null\r\n    },\r\n    {\r\n      \"key\": \"3\",\r\n      \"status\": true,\r\n      \"errorMessage\": null\r\n    },\r\n    {\r\n      \"key\": \"4\",\r\n      \"status\": true,\r\n      \"errorMessage\": null\r\n    },\r\n    {\r\n      \"key\": \"5\",\r\n      \"status\": true,\r\n      \"errorMessage\": null\r\n    },\r\n    {\r\n      \"key\": \"6\",\r\n      \"status\": true,\r\n      \"errorMessage\": null\r\n    }\r\n  ]\r\n}",
      "ResponseHeaders": {
        "Content-Length": [
          "287"
        ],
        "Content-Type": [
          "application/json; odata.metadata=none"
        ],
        "Expires": [
          "-1"
        ],
        "Pragma": [
          "no-cache"
        ],
        "request-id": [
<<<<<<< HEAD
          "fc3005bd-0714-4aee-b832-fcae249a9370"
        ],
        "elapsed-time": [
          "202"
=======
          "017667bb-2bd9-4bff-a4fd-ba464a8db05d"
        ],
        "elapsed-time": [
          "215"
>>>>>>> origin/AutoRest
        ],
        "OData-Version": [
          "4.0"
        ],
        "Preference-Applied": [
          "odata.include-annotations=\"*\""
        ],
        "Strict-Transport-Security": [
          "max-age=15724800; includeSubDomains"
        ],
        "Cache-Control": [
          "no-cache"
        ],
        "Date": [
<<<<<<< HEAD
          "Thu, 13 Aug 2015 03:59:36 GMT"
=======
          "Wed, 09 Dec 2015 19:48:08 GMT"
>>>>>>> origin/AutoRest
        ]
      },
      "StatusCode": 200
    },
    {
<<<<<<< HEAD
      "RequestUri": "/indexes/azsmnet523/docs/search.post.suggest?api-version=2015-02-28",
      "EncodedRequestUri": "L2luZGV4ZXMvYXpzbW5ldDUyMy9kb2NzL3NlYXJjaC5wb3N0LnN1Z2dlc3Q/YXBpLXZlcnNpb249MjAxNS0wMi0yOA==",
=======
      "RequestUri": "/indexes/azsmnet3104/docs/search.post.suggest?api-version=2015-02-28",
      "EncodedRequestUri": "L2luZGV4ZXMvYXpzbW5ldDMxMDQvZG9jcy9zZWFyY2gucG9zdC5zdWdnZXN0P2FwaS12ZXJzaW9uPTIwMTUtMDItMjg=",
>>>>>>> origin/AutoRest
      "RequestMethod": "POST",
      "RequestBody": "{\r\n  \"filter\": \"rating gt 3 and lastRenovationDate gt 2000-01-01T00:00:00Z\",\r\n  \"fuzzy\": false,\r\n  \"search\": \"hotel\",\r\n  \"select\": \"*\",\r\n  \"suggesterName\": \"sg\"\r\n}",
      "RequestHeaders": {
        "Content-Type": [
<<<<<<< HEAD
          "application/json"
=======
          "application/json; charset=utf-8"
>>>>>>> origin/AutoRest
        ],
        "Content-Length": [
          "163"
        ],
<<<<<<< HEAD
=======
        "accept-language": [
          "en-US"
        ],
>>>>>>> origin/AutoRest
        "Accept": [
          "application/json; odata.metadata=none"
        ],
        "api-key": [
<<<<<<< HEAD
          "223B6F883370FF1788C5CE8FC4AE6C19"
        ],
        "User-Agent": [
          "Microsoft.Azure.Search.SearchIndexClient/0.9.0.0"
        ]
      },
      "ResponseBody": "{\r\n  \"value\": [\r\n    {\r\n      \"@search.text\": \"Best hotel in town if you like luxury hotels. They have an amazing infinity pool, a spa, and a really helpful concierge. The location is perfect -- right downtown, close to all the tourist attractions. We highly recommend this hotel.\",\r\n      \"hotelId\": \"1\",\r\n      \"baseRate\": 199.0,\r\n      \"description\": \"Best hotel in town if you like luxury hotels. They have an amazing infinity pool, a spa, and a really helpful concierge. The location is perfect -- right downtown, close to all the tourist attractions. We highly recommend this hotel.\",\r\n      \"descriptionFr\": \"Meilleur hôtel en ville si vous aimez les hôtels de luxe. Ils ont une magnifique piscine à débordement, un spa et un concierge très utile. L'emplacement est parfait – en plein centre, à proximité de toutes les attractions touristiques. Nous recommandons fortement cet hôtel.\",\r\n      \"hotelName\": \"Fancy Stay\",\r\n      \"category\": \"Luxury\",\r\n      \"tags\": [\r\n        \"pool\",\r\n        \"view\",\r\n        \"wifi\",\r\n        \"concierge\"\r\n      ],\r\n      \"parkingIncluded\": false,\r\n      \"smokingAllowed\": false,\r\n      \"lastRenovationDate\": \"2010-06-27T00:00:00Z\",\r\n      \"rating\": 5,\r\n      \"location\": {\r\n        \"type\": \"Point\",\r\n        \"coordinates\": [\r\n          -122.131577,\r\n          47.678581\r\n        ],\r\n        \"crs\": {\r\n          \"type\": \"name\",\r\n          \"properties\": {\r\n            \"name\": \"EPSG:4326\"\r\n          }\r\n        }\r\n      }\r\n    },\r\n    {\r\n      \"@search.text\": \"Another good hotel\",\r\n      \"hotelId\": \"5\",\r\n      \"baseRate\": 129.99,\r\n      \"description\": \"Another good hotel\",\r\n      \"descriptionFr\": \"Un autre bon hôtel\",\r\n      \"hotelName\": \"Comfy Place\",\r\n      \"category\": \"Budget\",\r\n      \"tags\": [\r\n        \"wifi\",\r\n        \"budget\"\r\n      ],\r\n      \"parkingIncluded\": true,\r\n      \"smokingAllowed\": false,\r\n      \"lastRenovationDate\": \"2012-08-12T00:00:00Z\",\r\n      \"rating\": 4,\r\n      \"location\": {\r\n        \"type\": \"Point\",\r\n        \"coordinates\": [\r\n          -122.131577,\r\n          48.678581\r\n        ],\r\n        \"crs\": {\r\n          \"type\": \"name\",\r\n          \"properties\": {\r\n            \"name\": \"EPSG:4326\"\r\n          }\r\n        }\r\n      }\r\n    }\r\n  ]\r\n}",
=======
          "5344FF3CC8B224E102E32BC42793D9A5"
        ],
        "Prefer": [
          "return=representation"
        ],
        "User-Agent": [
          "Microsoft.Azure.Search.SearchIndexClient/1.0.0.0"
        ]
      },
      "ResponseBody": "{\"value\":[{\"@search.text\":\"Best hotel in town if you like luxury hotels. They have an amazing infinity pool, a spa, and a really helpful concierge. The location is perfect -- right downtown, close to all the tourist attractions. We highly recommend this hotel.\",\"hotelId\":\"1\",\"baseRate\":199.0,\"description\":\"Best hotel in town if you like luxury hotels. They have an amazing infinity pool, a spa, and a really helpful concierge. The location is perfect -- right downtown, close to all the tourist attractions. We highly recommend this hotel.\",\"descriptionFr\":\"Meilleur h\\u00f4tel en ville si vous aimez les h\\u00f4tels de luxe. Ils ont une magnifique piscine \\u00e0 d\\u00e9bordement, un spa et un concierge tr\\u00e8s utile. L'emplacement est parfait \\u2013 en plein centre, \\u00e0 proximit\\u00e9 de toutes les attractions touristiques. Nous recommandons fortement cet h\\u00f4tel.\",\"hotelName\":\"Fancy Stay\",\"category\":\"Luxury\",\"tags\":[\"pool\",\"view\",\"wifi\",\"concierge\"],\"parkingIncluded\":false,\"smokingAllowed\":false,\"lastRenovationDate\":\"2010-06-27T00:00:00Z\",\"rating\":5,\"location\":{\"type\":\"Point\",\"coordinates\":[-122.131577,47.678581],\"crs\":{\"type\":\"name\",\"properties\":{\"name\":\"EPSG:4326\"}}}},{\"@search.text\":\"Another good hotel\",\"hotelId\":\"5\",\"baseRate\":129.99,\"description\":\"Another good hotel\",\"descriptionFr\":\"Un autre bon h\\u00f4tel\",\"hotelName\":\"Comfy Place\",\"category\":\"Budget\",\"tags\":[\"wifi\",\"budget\"],\"parkingIncluded\":true,\"smokingAllowed\":false,\"lastRenovationDate\":\"2012-08-12T00:00:00Z\",\"rating\":4,\"location\":{\"type\":\"Point\",\"coordinates\":[-122.131577,48.678581],\"crs\":{\"type\":\"name\",\"properties\":{\"name\":\"EPSG:4326\"}}}}]}",
>>>>>>> origin/AutoRest
      "ResponseHeaders": {
        "Content-Length": [
          "1635"
        ],
        "Content-Type": [
          "application/json; odata.metadata=none"
        ],
        "Expires": [
          "-1"
        ],
        "Pragma": [
          "no-cache"
        ],
        "request-id": [
<<<<<<< HEAD
          "add675d1-1652-4ddc-85a7-fbd75782edbd"
        ],
        "elapsed-time": [
          "58"
=======
          "054724f1-187b-451f-9523-2cd0f5ffc36e"
        ],
        "elapsed-time": [
          "867"
>>>>>>> origin/AutoRest
        ],
        "OData-Version": [
          "4.0"
        ],
        "Preference-Applied": [
          "odata.include-annotations=\"*\""
        ],
        "Strict-Transport-Security": [
          "max-age=15724800; includeSubDomains"
        ],
        "Cache-Control": [
          "no-cache"
        ],
        "Date": [
<<<<<<< HEAD
          "Thu, 13 Aug 2015 03:59:40 GMT"
=======
          "Wed, 09 Dec 2015 19:48:12 GMT"
        ]
      },
      "StatusCode": 200
    },
    {
      "RequestUri": "/subscriptions/b80cf239-2c72-47ab-b309-b26aec4656b1/resourceGroups/azsmnet4261/providers/Microsoft.Search/searchServices/azs-507?api-version=2015-02-28",
      "EncodedRequestUri": "L3N1YnNjcmlwdGlvbnMvYjgwY2YyMzktMmM3Mi00N2FiLWIzMDktYjI2YWVjNDY1NmIxL3Jlc291cmNlR3JvdXBzL2F6c21uZXQ0MjYxL3Byb3ZpZGVycy9NaWNyb3NvZnQuU2VhcmNoL3NlYXJjaFNlcnZpY2VzL2F6cy01MDc/YXBpLXZlcnNpb249MjAxNS0wMi0yOA==",
      "RequestMethod": "DELETE",
      "RequestBody": "",
      "RequestHeaders": {
        "x-ms-client-request-id": [
          "a210d081-3f73-4af0-baf6-4f85f2438d5f"
        ],
        "accept-language": [
          "en-US"
        ],
        "User-Agent": [
          "Microsoft.Azure.Management.Search.SearchManagementClient/1.0.0.0"
        ]
      },
      "ResponseBody": "",
      "ResponseHeaders": {
        "Content-Length": [
          "0"
        ],
        "Expires": [
          "-1"
        ],
        "Pragma": [
          "no-cache"
        ],
        "request-id": [
          "a210d081-3f73-4af0-baf6-4f85f2438d5f"
        ],
        "elapsed-time": [
          "819"
        ],
        "Strict-Transport-Security": [
          "max-age=31536000; includeSubDomains"
        ],
        "x-ms-ratelimit-remaining-subscription-writes": [
          "1151"
        ],
        "x-ms-request-id": [
          "f2cf01df-f16f-4d6f-b17b-f75d84ed5117"
        ],
        "x-ms-correlation-request-id": [
          "f2cf01df-f16f-4d6f-b17b-f75d84ed5117"
        ],
        "x-ms-routing-request-id": [
          "CENTRALUS:20151209T194814Z:f2cf01df-f16f-4d6f-b17b-f75d84ed5117"
        ],
        "Cache-Control": [
          "no-cache"
        ],
        "Date": [
          "Wed, 09 Dec 2015 19:48:14 GMT"
        ],
        "X-AspNet-Version": [
          "4.0.30319"
>>>>>>> origin/AutoRest
        ]
      },
      "StatusCode": 200
    }
  ],
  "Names": {
<<<<<<< HEAD
    ".ctor": [
      "azsmnet578",
      "azsmnet523"
    ],
    "GenerateServiceName": [
      "azs-4517"
=======
    "GenerateName": [
      "azsmnet4261",
      "azsmnet3104"
    ],
    "GenerateServiceName": [
      "azs-507"
>>>>>>> origin/AutoRest
    ]
  },
  "Variables": {
    "SubscriptionId": "b80cf239-2c72-47ab-b309-b26aec4656b1"
  }
}