{
  "Entries": [
    {
<<<<<<< HEAD
      "RequestUri": "/61953354-5115-4340-bf80-f4ccd1cb213e/locations",
      "EncodedRequestUri": "LzYxOTUzMzU0LTUxMTUtNDM0MC1iZjgwLWY0Y2NkMWNiMjEzZS9sb2NhdGlvbnM=",
=======
      "RequestUri": "/20deba4c-35db-480a-baac-489e2c695697/locations",
      "EncodedRequestUri": "LzIwZGViYTRjLTM1ZGItNDgwYS1iYWFjLTQ4OWUyYzY5NTY5Ny9sb2NhdGlvbnM=",
>>>>>>> origin/AutoRest
      "RequestMethod": "GET",
      "RequestBody": "",
      "RequestHeaders": {
        "x-ms-version": [
          "2014-10-01"
        ],
        "User-Agent": [
          "Microsoft.WindowsAzure.Management.ManagementClient/1.0.0.0"
        ]
      },
<<<<<<< HEAD
      "ResponseBody": "<Locations xmlns=\"http://schemas.microsoft.com/windowsazure\" xmlns:i=\"http://www.w3.org/2001/XMLSchema-instance\">\r\n  <Location>\r\n    <Name>Northwest US</Name>\r\n    <DisplayName>Northwest US</DisplayName>\r\n    <AvailableServices>\r\n      <AvailableService>Compute</AvailableService>\r\n    </AvailableServices>\r\n    <ComputeCapabilities>\r\n      <WebWorkerRoleSizes>\r\n        <RoleSize>A5</RoleSize>\r\n        <RoleSize>A6</RoleSize>\r\n        <RoleSize>A7</RoleSize>\r\n        <RoleSize>ExtraLarge</RoleSize>\r\n        <RoleSize>ExtraSmall</RoleSize>\r\n        <RoleSize>Large</RoleSize>\r\n        <RoleSize>Medium</RoleSize>\r\n        <RoleSize>Small</RoleSize>\r\n        <RoleSize>Standard_D1</RoleSize>\r\n        <RoleSize>Standard_D11</RoleSize>\r\n        <RoleSize>Standard_D12</RoleSize>\r\n        <RoleSize>Standard_D13</RoleSize>\r\n        <RoleSize>Standard_D14</RoleSize>\r\n        <RoleSize>Standard_D2</RoleSize>\r\n        <RoleSize>Standard_D3</RoleSize>\r\n        <RoleSize>Standard_D4</RoleSize>\r\n        <RoleSize>Standard_D5</RoleSize>\r\n      </WebWorkerRoleSizes>\r\n      <VirtualMachinesRoleSizes />\r\n    </ComputeCapabilities>\r\n  </Location>\r\n  <Location>\r\n    <Name>North Central US</Name>\r\n    <DisplayName>North Central US</DisplayName>\r\n    <AvailableServices>\r\n      <AvailableService>Compute</AvailableService>\r\n      <AvailableService>Storage</AvailableService>\r\n      <AvailableService>PersistentVMRole</AvailableService>\r\n      <AvailableService>HighMemory</AvailableService>\r\n    </AvailableServices>\r\n    <ComputeCapabilities>\r\n      <WebWorkerRoleSizes>\r\n        <RoleSize>A5</RoleSize>\r\n        <RoleSize>A6</RoleSize>\r\n        <RoleSize>A7</RoleSize>\r\n        <RoleSize>ExtraLarge</RoleSize>\r\n        <RoleSize>ExtraSmall</RoleSize>\r\n        <RoleSize>Large</RoleSize>\r\n        <RoleSize>Medium</RoleSize>\r\n        <RoleSize>Small</RoleSize>\r\n        <RoleSize>Standard_D1</RoleSize>\r\n        <RoleSize>Standard_D11</RoleSize>\r\n        <RoleSize>Standard_D12</RoleSize>\r\n        <RoleSize>Standard_D13</RoleSize>\r\n        <RoleSize>Standard_D14</RoleSize>\r\n        <RoleSize>Standard_D2</RoleSize>\r\n        <RoleSize>Standard_D3</RoleSize>\r\n        <RoleSize>Standard_D4</RoleSize>\r\n        <RoleSize>Standard_D5</RoleSize>\r\n      </WebWorkerRoleSizes>\r\n      <VirtualMachinesRoleSizes>\r\n        <RoleSize>A5</RoleSize>\r\n        <RoleSize>A6</RoleSize>\r\n        <RoleSize>A7</RoleSize>\r\n        <RoleSize>Basic_A0</RoleSize>\r\n        <RoleSize>Basic_A1</RoleSize>\r\n        <RoleSize>Basic_A2</RoleSize>\r\n        <RoleSize>Basic_A3</RoleSize>\r\n        <RoleSize>Basic_A4</RoleSize>\r\n        <RoleSize>ExtraLarge</RoleSize>\r\n        <RoleSize>ExtraSmall</RoleSize>\r\n        <RoleSize>Large</RoleSize>\r\n        <RoleSize>Medium</RoleSize>\r\n        <RoleSize>Small</RoleSize>\r\n        <RoleSize>Standard_D1</RoleSize>\r\n        <RoleSize>Standard_D11</RoleSize>\r\n        <RoleSize>Standard_D12</RoleSize>\r\n        <RoleSize>Standard_D13</RoleSize>\r\n        <RoleSize>Standard_D14</RoleSize>\r\n        <RoleSize>Standard_D2</RoleSize>\r\n        <RoleSize>Standard_D3</RoleSize>\r\n        <RoleSize>Standard_D4</RoleSize>\r\n        <RoleSize>Standard_D5</RoleSize>\r\n        <RoleSize>Standard_G1</RoleSize>\r\n        <RoleSize>Standard_G2</RoleSize>\r\n        <RoleSize>Standard_G3</RoleSize>\r\n        <RoleSize>Standard_G4</RoleSize>\r\n        <RoleSize>Standard_G5</RoleSize>\r\n      </VirtualMachinesRoleSizes>\r\n    </ComputeCapabilities>\r\n    <StorageCapabilities>\r\n      <StorageAccountTypes>\r\n        <StorageAccountType>Standard_LRS</StorageAccountType>\r\n        <StorageAccountType>Standard_ZRS</StorageAccountType>\r\n        <StorageAccountType>Standard_GRS</StorageAccountType>\r\n        <StorageAccountType>Standard_RAGRS</StorageAccountType>\r\n      </StorageAccountTypes>\r\n    </StorageCapabilities>\r\n  </Location>\r\n  <Location>\r\n    <Name>West US</Name>\r\n    <DisplayName>West US</DisplayName>\r\n    <AvailableServices>\r\n      <AvailableService>Compute</AvailableService>\r\n      <AvailableService>Storage</AvailableService>\r\n      <AvailableService>PersistentVMRole</AvailableService>\r\n      <AvailableService>HighMemory</AvailableService>\r\n    </AvailableServices>\r\n    <ComputeCapabilities>\r\n      <WebWorkerRoleSizes>\r\n        <RoleSize>A10</RoleSize>\r\n        <RoleSize>A11</RoleSize>\r\n        <RoleSize>A5</RoleSize>\r\n        <RoleSize>A6</RoleSize>\r\n        <RoleSize>A7</RoleSize>\r\n        <RoleSize>A8</RoleSize>\r\n        <RoleSize>A9</RoleSize>\r\n        <RoleSize>ExtraLarge</RoleSize>\r\n        <RoleSize>ExtraSmall</RoleSize>\r\n        <RoleSize>Large</RoleSize>\r\n        <RoleSize>Medium</RoleSize>\r\n        <RoleSize>Small</RoleSize>\r\n        <RoleSize>Standard_D1</RoleSize>\r\n        <RoleSize>Standard_D11</RoleSize>\r\n        <RoleSize>Standard_D12</RoleSize>\r\n        <RoleSize>Standard_D13</RoleSize>\r\n        <RoleSize>Standard_D14</RoleSize>\r\n        <RoleSize>Standard_D2</RoleSize>\r\n        <RoleSize>Standard_D3</RoleSize>\r\n        <RoleSize>Standard_D4</RoleSize>\r\n        <RoleSize>Standard_D5</RoleSize>\r\n      </WebWorkerRoleSizes>\r\n      <VirtualMachinesRoleSizes>\r\n        <RoleSize>A10</RoleSize>\r\n        <RoleSize>A11</RoleSize>\r\n        <RoleSize>A5</RoleSize>\r\n        <RoleSize>A6</RoleSize>\r\n        <RoleSize>A7</RoleSize>\r\n        <RoleSize>A8</RoleSize>\r\n        <RoleSize>A9</RoleSize>\r\n        <RoleSize>Basic_A0</RoleSize>\r\n        <RoleSize>Basic_A1</RoleSize>\r\n        <RoleSize>Basic_A2</RoleSize>\r\n        <RoleSize>Basic_A3</RoleSize>\r\n        <RoleSize>Basic_A4</RoleSize>\r\n        <RoleSize>ExtraLarge</RoleSize>\r\n        <RoleSize>ExtraSmall</RoleSize>\r\n        <RoleSize>Large</RoleSize>\r\n        <RoleSize>Medium</RoleSize>\r\n        <RoleSize>Small</RoleSize>\r\n        <RoleSize>Standard_D1</RoleSize>\r\n        <RoleSize>Standard_D11</RoleSize>\r\n        <RoleSize>Standard_D12</RoleSize>\r\n        <RoleSize>Standard_D13</RoleSize>\r\n        <RoleSize>Standard_D14</RoleSize>\r\n        <RoleSize>Standard_D2</RoleSize>\r\n        <RoleSize>Standard_D3</RoleSize>\r\n        <RoleSize>Standard_D4</RoleSize>\r\n        <RoleSize>Standard_D5</RoleSize>\r\n        <RoleSize>Standard_G1</RoleSize>\r\n        <RoleSize>Standard_G2</RoleSize>\r\n        <RoleSize>Standard_G3</RoleSize>\r\n        <RoleSize>Standard_G4</RoleSize>\r\n        <RoleSize>Standard_G5</RoleSize>\r\n      </VirtualMachinesRoleSizes>\r\n    </ComputeCapabilities>\r\n    <StorageCapabilities>\r\n      <StorageAccountTypes>\r\n        <StorageAccountType>Standard_LRS</StorageAccountType>\r\n        <StorageAccountType>Standard_ZRS</StorageAccountType>\r\n        <StorageAccountType>Standard_GRS</StorageAccountType>\r\n        <StorageAccountType>Standard_RAGRS</StorageAccountType>\r\n      </StorageAccountTypes>\r\n    </StorageCapabilities>\r\n  </Location>\r\n</Locations>",
      "ResponseHeaders": {
        "Content-Length": [
          "5208"
=======
      "ResponseBody": "<Locations xmlns=\"http://schemas.microsoft.com/windowsazure\" xmlns:i=\"http://www.w3.org/2001/XMLSchema-instance\">\r\n  <Location>\r\n    <Name>North Central US</Name>\r\n    <DisplayName>North Central US</DisplayName>\r\n    <AvailableServices>\r\n      <AvailableService>Compute</AvailableService>\r\n      <AvailableService>Storage</AvailableService>\r\n      <AvailableService>PersistentVMRole</AvailableService>\r\n      <AvailableService>HighMemory</AvailableService>\r\n    </AvailableServices>\r\n    <ComputeCapabilities>\r\n      <WebWorkerRoleSizes>\r\n        <RoleSize>A5</RoleSize>\r\n        <RoleSize>A6</RoleSize>\r\n        <RoleSize>A7</RoleSize>\r\n        <RoleSize>ExtraLarge</RoleSize>\r\n        <RoleSize>ExtraSmall</RoleSize>\r\n        <RoleSize>Large</RoleSize>\r\n        <RoleSize>Medium</RoleSize>\r\n        <RoleSize>Small</RoleSize>\r\n      </WebWorkerRoleSizes>\r\n      <VirtualMachinesRoleSizes>\r\n        <RoleSize>A5</RoleSize>\r\n        <RoleSize>A6</RoleSize>\r\n        <RoleSize>A7</RoleSize>\r\n        <RoleSize>Basic_A0</RoleSize>\r\n        <RoleSize>Basic_A1</RoleSize>\r\n        <RoleSize>Basic_A2</RoleSize>\r\n        <RoleSize>Basic_A3</RoleSize>\r\n        <RoleSize>Basic_A4</RoleSize>\r\n        <RoleSize>ExtraLarge</RoleSize>\r\n        <RoleSize>ExtraSmall</RoleSize>\r\n        <RoleSize>Large</RoleSize>\r\n        <RoleSize>Medium</RoleSize>\r\n        <RoleSize>Small</RoleSize>\r\n      </VirtualMachinesRoleSizes>\r\n    </ComputeCapabilities>\r\n    <StorageCapabilities>\r\n      <StorageAccountTypes>\r\n        <StorageAccountType>Premium_LRS</StorageAccountType>\r\n        <StorageAccountType>Standard_LRS</StorageAccountType>\r\n        <StorageAccountType>Standard_ZRS</StorageAccountType>\r\n        <StorageAccountType>Standard_GRS</StorageAccountType>\r\n        <StorageAccountType>Standard_RAGRS</StorageAccountType>\r\n      </StorageAccountTypes>\r\n    </StorageCapabilities>\r\n  </Location>\r\n  <Location>\r\n    <Name>West US</Name>\r\n    <DisplayName>West US</DisplayName>\r\n    <AvailableServices>\r\n      <AvailableService>Compute</AvailableService>\r\n      <AvailableService>Storage</AvailableService>\r\n      <AvailableService>PersistentVMRole</AvailableService>\r\n    </AvailableServices>\r\n    <ComputeCapabilities>\r\n      <WebWorkerRoleSizes>\r\n        <RoleSize>ExtraLarge</RoleSize>\r\n        <RoleSize>ExtraSmall</RoleSize>\r\n        <RoleSize>Large</RoleSize>\r\n        <RoleSize>Medium</RoleSize>\r\n        <RoleSize>Small</RoleSize>\r\n      </WebWorkerRoleSizes>\r\n      <VirtualMachinesRoleSizes>\r\n        <RoleSize>Basic_A0</RoleSize>\r\n        <RoleSize>Basic_A1</RoleSize>\r\n        <RoleSize>Basic_A2</RoleSize>\r\n        <RoleSize>Basic_A3</RoleSize>\r\n        <RoleSize>Basic_A4</RoleSize>\r\n        <RoleSize>ExtraLarge</RoleSize>\r\n        <RoleSize>ExtraSmall</RoleSize>\r\n        <RoleSize>Large</RoleSize>\r\n        <RoleSize>Medium</RoleSize>\r\n        <RoleSize>Small</RoleSize>\r\n      </VirtualMachinesRoleSizes>\r\n    </ComputeCapabilities>\r\n    <StorageCapabilities>\r\n      <StorageAccountTypes>\r\n        <StorageAccountType>Standard_LRS</StorageAccountType>\r\n        <StorageAccountType>Standard_ZRS</StorageAccountType>\r\n        <StorageAccountType>Standard_GRS</StorageAccountType>\r\n        <StorageAccountType>Standard_RAGRS</StorageAccountType>\r\n      </StorageAccountTypes>\r\n    </StorageCapabilities>\r\n  </Location>\r\n</Locations>",
      "ResponseHeaders": {
        "Content-Length": [
          "2618"
>>>>>>> origin/AutoRest
        ],
        "Content-Type": [
          "application/xml; charset=utf-8"
        ],
        "x-ms-request-id": [
<<<<<<< HEAD
          "05618a0599e63a4eabffff08f43bb5e1"
=======
          "c7c0f1bf570fc1c5af047e31927146a1"
>>>>>>> origin/AutoRest
        ],
        "Cache-Control": [
          "no-cache"
        ],
        "Date": [
<<<<<<< HEAD
          "Wed, 25 Nov 2015 00:10:31 GMT"
        ],
        "Server": [
          "1.0.6190.6722",
          "(rd_rdfe_n.151116-1515)",
=======
          "Wed, 06 May 2015 01:17:17 GMT"
        ],
        "Server": [
          "1.0.6198.202",
          "(rd_rdfe_stable.150307-1902)",
>>>>>>> origin/AutoRest
          "Microsoft-HTTPAPI/2.0"
        ]
      },
      "StatusCode": 200
    },
    {
<<<<<<< HEAD
      "RequestUri": "/subscriptions/61953354-5115-4340-bf80-f4ccd1cb213e/resourcegroups/StreamAnalytics137?api-version=2014-04-01-preview",
      "EncodedRequestUri": "L3N1YnNjcmlwdGlvbnMvNjE5NTMzNTQtNTExNS00MzQwLWJmODAtZjRjY2QxY2IyMTNlL3Jlc291cmNlZ3JvdXBzL1N0cmVhbUFuYWx5dGljczEzNz9hcGktdmVyc2lvbj0yMDE0LTA0LTAxLXByZXZpZXc=",
=======
      "RequestUri": "/subscriptions/20deba4c-35db-480a-baac-489e2c695697/resourcegroups/StreamAnalytics3092?api-version=2014-04-01-preview",
      "EncodedRequestUri": "L3N1YnNjcmlwdGlvbnMvMjBkZWJhNGMtMzVkYi00ODBhLWJhYWMtNDg5ZTJjNjk1Njk3L3Jlc291cmNlZ3JvdXBzL1N0cmVhbUFuYWx5dGljczMwOTI/YXBpLXZlcnNpb249MjAxNC0wNC0wMS1wcmV2aWV3",
>>>>>>> origin/AutoRest
      "RequestMethod": "PUT",
      "RequestBody": "{\r\n  \"location\": \"West US\"\r\n}",
      "RequestHeaders": {
        "Content-Type": [
          "application/json; charset=utf-8"
        ],
        "Content-Length": [
          "29"
        ],
        "User-Agent": [
          "Microsoft.Azure.Management.Resources.ResourceManagementClient/1.0.0.0"
        ]
      },
<<<<<<< HEAD
      "ResponseBody": "{\r\n  \"id\": \"/subscriptions/61953354-5115-4340-bf80-f4ccd1cb213e/resourceGroups/StreamAnalytics137\",\r\n  \"name\": \"StreamAnalytics137\",\r\n  \"location\": \"westus\",\r\n  \"properties\": {\r\n    \"provisioningState\": \"Succeeded\"\r\n  }\r\n}",
=======
      "ResponseBody": "{\r\n  \"id\": \"/subscriptions/20deba4c-35db-480a-baac-489e2c695697/resourceGroups/StreamAnalytics3092\",\r\n  \"name\": \"StreamAnalytics3092\",\r\n  \"location\": \"westus\",\r\n  \"properties\": {\r\n    \"provisioningState\": \"Succeeded\"\r\n  }\r\n}",
>>>>>>> origin/AutoRest
      "ResponseHeaders": {
        "Content-Length": [
          "189"
        ],
        "Content-Type": [
          "application/json; charset=utf-8"
        ],
        "Expires": [
          "-1"
        ],
        "Pragma": [
          "no-cache"
        ],
        "x-ms-ratelimit-remaining-subscription-writes": [
<<<<<<< HEAD
          "1180"
        ],
        "x-ms-request-id": [
          "7e900429-bfeb-4333-af7a-144a966e290e"
        ],
        "x-ms-correlation-request-id": [
          "7e900429-bfeb-4333-af7a-144a966e290e"
        ],
        "x-ms-routing-request-id": [
          "CENTRALUS:20151125T001001Z:7e900429-bfeb-4333-af7a-144a966e290e"
=======
          "1123"
        ],
        "x-ms-request-id": [
          "ba27bf09-35bb-4396-b08e-47128e8b122f"
        ],
        "x-ms-correlation-request-id": [
          "ba27bf09-35bb-4396-b08e-47128e8b122f"
        ],
        "x-ms-routing-request-id": [
          "CENTRALUS:20150506T011721Z:ba27bf09-35bb-4396-b08e-47128e8b122f"
>>>>>>> origin/AutoRest
        ],
        "Strict-Transport-Security": [
          "max-age=31536000; includeSubDomains"
        ],
        "Cache-Control": [
          "no-cache"
        ],
        "Date": [
<<<<<<< HEAD
          "Wed, 25 Nov 2015 00:10:01 GMT"
=======
          "Wed, 06 May 2015 01:17:20 GMT"
>>>>>>> origin/AutoRest
        ]
      },
      "StatusCode": 201
    },
    {
<<<<<<< HEAD
      "RequestUri": "/subscriptions/61953354-5115-4340-bf80-f4ccd1cb213e/providers/Microsoft.StreamAnalytics/locations/West%20US/quotas?api-version=2015-09-01",
      "EncodedRequestUri": "L3N1YnNjcmlwdGlvbnMvNjE5NTMzNTQtNTExNS00MzQwLWJmODAtZjRjY2QxY2IyMTNlL3Byb3ZpZGVycy9NaWNyb3NvZnQuU3RyZWFtQW5hbHl0aWNzL2xvY2F0aW9ucy9XZXN0JTIwVVMvcXVvdGFzP2FwaS12ZXJzaW9uPTIwMTUtMDktMDE=",
=======
      "RequestUri": "/subscriptions/20deba4c-35db-480a-baac-489e2c695697/providers/Microsoft.StreamAnalytics/locations/West%20US/quotas?api-version=2015-04-01",
      "EncodedRequestUri": "L3N1YnNjcmlwdGlvbnMvMjBkZWJhNGMtMzVkYi00ODBhLWJhYWMtNDg5ZTJjNjk1Njk3L3Byb3ZpZGVycy9NaWNyb3NvZnQuU3RyZWFtQW5hbHl0aWNzL2xvY2F0aW9ucy9XZXN0JTIwVVMvcXVvdGFzP2FwaS12ZXJzaW9uPTIwMTUtMDQtMDE=",
>>>>>>> origin/AutoRest
      "RequestMethod": "GET",
      "RequestBody": "",
      "RequestHeaders": {
        "x-ms-client-request-id": [
<<<<<<< HEAD
          "d68a83f0-91da-4bfd-91a0-56b59057b969"
=======
          "9d266fec-bf60-4d72-aec8-44da6286585f"
>>>>>>> origin/AutoRest
        ],
        "User-Agent": [
          "Microsoft.Azure.Management.StreamAnalytics.StreamAnalyticsManagementClient/1.0.0.0"
        ]
      },
<<<<<<< HEAD
      "ResponseBody": "{\r\n  \"value\": [\r\n    {\r\n      \"id\": \"/subscriptions/61953354-5115-4340-bf80-f4ccd1cb213e/providers/Microsoft.StreamAnalytics/locations/West US/quotas/StreamingUnits\",\r\n      \"name\": \"StreamingUnits\",\r\n      \"type\": \"Microsoft.StreamAnalytics/quotas\",\r\n      \"properties\": {\r\n        \"maxCount\": 50,\r\n        \"currentCount\": 0\r\n      }\r\n    }\r\n  ]\r\n}",
=======
      "ResponseBody": "{\r\n  \"value\": [\r\n    {\r\n      \"id\": \"/subscriptions/20deba4c-35db-480a-baac-489e2c695697/providers/Microsoft.StreamAnalytics/locations/West US/quotas/StreamingUnits\",\r\n      \"name\": \"StreamingUnits\",\r\n      \"type\": \"Microsoft.StreamAnalytics/quotas\",\r\n      \"properties\": {\r\n        \"maxCount\": 50,\r\n        \"currentCount\": 0\r\n      }\r\n    }\r\n  ]\r\n}",
>>>>>>> origin/AutoRest
      "ResponseHeaders": {
        "Content-Length": [
          "260"
        ],
        "Content-Type": [
          "application/json; charset=utf-8"
        ],
        "Expires": [
          "-1"
        ],
        "Pragma": [
          "no-cache"
        ],
        "X-AspNetMvc-Version": [
          "5.0"
        ],
        "x-ms-request-id": [
<<<<<<< HEAD
          "d68a83f0-91da-4bfd-91a0-56b59057b969"
        ],
        "x-ms-ratelimit-remaining-subscription-reads": [
          "14966"
        ],
        "x-ms-correlation-request-id": [
          "7380b1a3-6793-4892-af06-5f6f9bdc0252"
        ],
        "x-ms-routing-request-id": [
          "CENTRALUS:20151125T001002Z:7380b1a3-6793-4892-af06-5f6f9bdc0252"
=======
          "9d266fec-bf60-4d72-aec8-44da6286585f"
        ],
        "x-ms-ratelimit-remaining-subscription-reads": [
          "31848"
        ],
        "x-ms-correlation-request-id": [
          "5e2737c7-8c1b-4f57-a45b-19d72f240223"
        ],
        "x-ms-routing-request-id": [
          "CENTRALUS:20150506T011722Z:5e2737c7-8c1b-4f57-a45b-19d72f240223"
>>>>>>> origin/AutoRest
        ],
        "Strict-Transport-Security": [
          "max-age=31536000; includeSubDomains"
        ],
        "Cache-Control": [
          "no-store, no-cache"
        ],
        "Date": [
<<<<<<< HEAD
          "Wed, 25 Nov 2015 00:10:02 GMT"
=======
          "Wed, 06 May 2015 01:17:22 GMT"
>>>>>>> origin/AutoRest
        ],
        "Server": [
          "Microsoft-IIS/8.5"
        ],
        "X-Powered-By": [
          "ASP.NET"
        ]
      },
      "StatusCode": 200
    },
    {
<<<<<<< HEAD
      "RequestUri": "/subscriptions/61953354-5115-4340-bf80-f4ccd1cb213e/resourcegroups/StreamAnalytics137?api-version=2014-04-01-preview",
      "EncodedRequestUri": "L3N1YnNjcmlwdGlvbnMvNjE5NTMzNTQtNTExNS00MzQwLWJmODAtZjRjY2QxY2IyMTNlL3Jlc291cmNlZ3JvdXBzL1N0cmVhbUFuYWx5dGljczEzNz9hcGktdmVyc2lvbj0yMDE0LTA0LTAxLXByZXZpZXc=",
=======
      "RequestUri": "/subscriptions/20deba4c-35db-480a-baac-489e2c695697/resourcegroups/StreamAnalytics3092?api-version=2014-04-01-preview",
      "EncodedRequestUri": "L3N1YnNjcmlwdGlvbnMvMjBkZWJhNGMtMzVkYi00ODBhLWJhYWMtNDg5ZTJjNjk1Njk3L3Jlc291cmNlZ3JvdXBzL1N0cmVhbUFuYWx5dGljczMwOTI/YXBpLXZlcnNpb249MjAxNC0wNC0wMS1wcmV2aWV3",
>>>>>>> origin/AutoRest
      "RequestMethod": "DELETE",
      "RequestBody": "",
      "RequestHeaders": {
        "User-Agent": [
          "Microsoft.Azure.Management.Resources.ResourceManagementClient/1.0.0.0"
        ]
      },
      "ResponseBody": "",
      "ResponseHeaders": {
        "Content-Length": [
          "0"
        ],
        "Expires": [
          "-1"
        ],
        "Pragma": [
          "no-cache"
        ],
        "Retry-After": [
          "15"
        ],
        "x-ms-ratelimit-remaining-subscription-writes": [
<<<<<<< HEAD
          "1179"
        ],
        "x-ms-request-id": [
          "5a0c6504-dd55-4982-a4a7-d5325f12105d"
        ],
        "x-ms-correlation-request-id": [
          "5a0c6504-dd55-4982-a4a7-d5325f12105d"
        ],
        "x-ms-routing-request-id": [
          "CENTRALUS:20151125T001002Z:5a0c6504-dd55-4982-a4a7-d5325f12105d"
        ],
        "Strict-Transport-Security": [
          "max-age=31536000; includeSubDomains"
        ],
        "Cache-Control": [
          "no-cache"
        ],
        "Date": [
          "Wed, 25 Nov 2015 00:10:02 GMT"
        ],
        "Location": [
          "https://api-dogfood.resources.windows-int.net/subscriptions/61953354-5115-4340-bf80-f4ccd1cb213e/operationresults/eyJqb2JJZCI6IlJFU09VUkNFR1JPVVBERUxFVElPTkpPQi1TVFJFQU1BTkFMWVRJQ1MxMzctV0VTVFVTIiwiam9iTG9jYXRpb24iOiJ3ZXN0dXMifQ?api-version=2014-04-01-preview"
        ]
      },
      "StatusCode": 202
    },
    {
      "RequestUri": "/subscriptions/61953354-5115-4340-bf80-f4ccd1cb213e/operationresults/eyJqb2JJZCI6IlJFU09VUkNFR1JPVVBERUxFVElPTkpPQi1TVFJFQU1BTkFMWVRJQ1MxMzctV0VTVFVTIiwiam9iTG9jYXRpb24iOiJ3ZXN0dXMifQ?api-version=2014-04-01-preview",
      "EncodedRequestUri": "L3N1YnNjcmlwdGlvbnMvNjE5NTMzNTQtNTExNS00MzQwLWJmODAtZjRjY2QxY2IyMTNlL29wZXJhdGlvbnJlc3VsdHMvZXlKcWIySkpaQ0k2SWxKRlUwOVZVa05GUjFKUFZWQkVSVXhGVkVsUFRrcFBRaTFUVkZKRlFVMUJUa0ZNV1ZSSlExTXhNemN0VjBWVFZGVlRJaXdpYW05aVRHOWpZWFJwYjI0aU9pSjNaWE4wZFhNaWZRP2FwaS12ZXJzaW9uPTIwMTQtMDQtMDEtcHJldmlldw==",
      "RequestMethod": "GET",
      "RequestBody": "",
      "RequestHeaders": {
        "x-ms-version": [
          "2014-04-01-preview"
        ],
        "User-Agent": [
          "Microsoft.Azure.Management.Resources.ResourceManagementClient/2.0.0.0"
        ]
      },
      "ResponseBody": "",
      "ResponseHeaders": {
        "Content-Length": [
          "0"
        ],
        "Expires": [
          "-1"
        ],
        "Pragma": [
          "no-cache"
        ],
        "Retry-After": [
          "15"
        ],
        "x-ms-ratelimit-remaining-subscription-reads": [
          "14965"
        ],
        "x-ms-request-id": [
          "e5750663-215b-42ac-bd0e-983c51e8440c"
        ],
        "x-ms-correlation-request-id": [
          "e5750663-215b-42ac-bd0e-983c51e8440c"
        ],
        "x-ms-routing-request-id": [
          "CENTRALUS:20151125T001002Z:e5750663-215b-42ac-bd0e-983c51e8440c"
=======
          "1122"
        ],
        "x-ms-request-id": [
          "648009c8-2760-45ce-96eb-3c3a05b2ac88"
        ],
        "x-ms-correlation-request-id": [
          "648009c8-2760-45ce-96eb-3c3a05b2ac88"
        ],
        "x-ms-routing-request-id": [
          "CENTRALUS:20150506T011722Z:648009c8-2760-45ce-96eb-3c3a05b2ac88"
>>>>>>> origin/AutoRest
        ],
        "Strict-Transport-Security": [
          "max-age=31536000; includeSubDomains"
        ],
        "Cache-Control": [
          "no-cache"
        ],
        "Date": [
<<<<<<< HEAD
          "Wed, 25 Nov 2015 00:10:02 GMT"
        ],
        "Location": [
          "https://api-dogfood.resources.windows-int.net/subscriptions/61953354-5115-4340-bf80-f4ccd1cb213e/operationresults/eyJqb2JJZCI6IlJFU09VUkNFR1JPVVBERUxFVElPTkpPQi1TVFJFQU1BTkFMWVRJQ1MxMzctV0VTVFVTIiwiam9iTG9jYXRpb24iOiJ3ZXN0dXMifQ?api-version=2014-04-01-preview"
=======
          "Wed, 06 May 2015 01:17:22 GMT"
        ],
        "Location": [
          "https://api-current.resources.windows-int.net/subscriptions/20deba4c-35db-480a-baac-489e2c695697/operationresults/eyJqb2JJZCI6IlJFU09VUkNFR1JPVVBERUxFVElPTkpPQi1TVFJFQU1BTkFMWVRJQ1MzMDkyLVdFU1RVUyIsImpvYkxvY2F0aW9uIjoid2VzdHVzIn0?api-version=2014-04-01-preview"
>>>>>>> origin/AutoRest
        ]
      },
      "StatusCode": 202
    },
    {
<<<<<<< HEAD
      "RequestUri": "/subscriptions/61953354-5115-4340-bf80-f4ccd1cb213e/operationresults/eyJqb2JJZCI6IlJFU09VUkNFR1JPVVBERUxFVElPTkpPQi1TVFJFQU1BTkFMWVRJQ1MxMzctV0VTVFVTIiwiam9iTG9jYXRpb24iOiJ3ZXN0dXMifQ?api-version=2014-04-01-preview",
      "EncodedRequestUri": "L3N1YnNjcmlwdGlvbnMvNjE5NTMzNTQtNTExNS00MzQwLWJmODAtZjRjY2QxY2IyMTNlL29wZXJhdGlvbnJlc3VsdHMvZXlKcWIySkpaQ0k2SWxKRlUwOVZVa05GUjFKUFZWQkVSVXhGVkVsUFRrcFBRaTFUVkZKRlFVMUJUa0ZNV1ZSSlExTXhNemN0VjBWVFZGVlRJaXdpYW05aVRHOWpZWFJwYjI0aU9pSjNaWE4wZFhNaWZRP2FwaS12ZXJzaW9uPTIwMTQtMDQtMDEtcHJldmlldw==",
=======
      "RequestUri": "/subscriptions/20deba4c-35db-480a-baac-489e2c695697/operationresults/eyJqb2JJZCI6IlJFU09VUkNFR1JPVVBERUxFVElPTkpPQi1TVFJFQU1BTkFMWVRJQ1MzMDkyLVdFU1RVUyIsImpvYkxvY2F0aW9uIjoid2VzdHVzIn0?api-version=2014-04-01-preview",
      "EncodedRequestUri": "L3N1YnNjcmlwdGlvbnMvMjBkZWJhNGMtMzVkYi00ODBhLWJhYWMtNDg5ZTJjNjk1Njk3L29wZXJhdGlvbnJlc3VsdHMvZXlKcWIySkpaQ0k2SWxKRlUwOVZVa05GUjFKUFZWQkVSVXhGVkVsUFRrcFBRaTFUVkZKRlFVMUJUa0ZNV1ZSSlExTXpNRGt5TFZkRlUxUlZVeUlzSW1wdllreHZZMkYwYVc5dUlqb2lkMlZ6ZEhWekluMD9hcGktdmVyc2lvbj0yMDE0LTA0LTAxLXByZXZpZXc=",
>>>>>>> origin/AutoRest
      "RequestMethod": "GET",
      "RequestBody": "",
      "RequestHeaders": {
        "x-ms-version": [
          "2014-04-01-preview"
        ],
        "User-Agent": [
          "Microsoft.Azure.Management.Resources.ResourceManagementClient/1.0.0.0"
        ]
      },
      "ResponseBody": "",
      "ResponseHeaders": {
        "Content-Length": [
          "0"
        ],
        "Expires": [
          "-1"
        ],
        "Pragma": [
          "no-cache"
        ],
        "Retry-After": [
          "15"
        ],
        "x-ms-ratelimit-remaining-subscription-reads": [
<<<<<<< HEAD
          "14964"
        ],
        "x-ms-request-id": [
          "0d0f3cbd-78c8-4f16-946b-1c621d588435"
        ],
        "x-ms-correlation-request-id": [
          "0d0f3cbd-78c8-4f16-946b-1c621d588435"
        ],
        "x-ms-routing-request-id": [
          "CENTRALUS:20151125T001017Z:0d0f3cbd-78c8-4f16-946b-1c621d588435"
=======
          "31847"
        ],
        "x-ms-request-id": [
          "17f02855-a41a-4cf0-b0f7-7643d075c1a8"
        ],
        "x-ms-correlation-request-id": [
          "17f02855-a41a-4cf0-b0f7-7643d075c1a8"
        ],
        "x-ms-routing-request-id": [
          "CENTRALUS:20150506T011722Z:17f02855-a41a-4cf0-b0f7-7643d075c1a8"
>>>>>>> origin/AutoRest
        ],
        "Strict-Transport-Security": [
          "max-age=31536000; includeSubDomains"
        ],
        "Cache-Control": [
          "no-cache"
        ],
        "Date": [
<<<<<<< HEAD
          "Wed, 25 Nov 2015 00:10:17 GMT"
        ],
        "Location": [
          "https://api-dogfood.resources.windows-int.net/subscriptions/61953354-5115-4340-bf80-f4ccd1cb213e/operationresults/eyJqb2JJZCI6IlJFU09VUkNFR1JPVVBERUxFVElPTkpPQi1TVFJFQU1BTkFMWVRJQ1MxMzctV0VTVFVTIiwiam9iTG9jYXRpb24iOiJ3ZXN0dXMifQ?api-version=2014-04-01-preview"
=======
          "Wed, 06 May 2015 01:17:22 GMT"
        ],
        "Location": [
          "https://api-current.resources.windows-int.net/subscriptions/20deba4c-35db-480a-baac-489e2c695697/operationresults/eyJqb2JJZCI6IlJFU09VUkNFR1JPVVBERUxFVElPTkpPQi1TVFJFQU1BTkFMWVRJQ1MzMDkyLVdFU1RVUyIsImpvYkxvY2F0aW9uIjoid2VzdHVzIn0?api-version=2014-04-01-preview"
>>>>>>> origin/AutoRest
        ]
      },
      "StatusCode": 202
    },
    {
<<<<<<< HEAD
      "RequestUri": "/subscriptions/61953354-5115-4340-bf80-f4ccd1cb213e/operationresults/eyJqb2JJZCI6IlJFU09VUkNFR1JPVVBERUxFVElPTkpPQi1TVFJFQU1BTkFMWVRJQ1MxMzctV0VTVFVTIiwiam9iTG9jYXRpb24iOiJ3ZXN0dXMifQ?api-version=2014-04-01-preview",
      "EncodedRequestUri": "L3N1YnNjcmlwdGlvbnMvNjE5NTMzNTQtNTExNS00MzQwLWJmODAtZjRjY2QxY2IyMTNlL29wZXJhdGlvbnJlc3VsdHMvZXlKcWIySkpaQ0k2SWxKRlUwOVZVa05GUjFKUFZWQkVSVXhGVkVsUFRrcFBRaTFUVkZKRlFVMUJUa0ZNV1ZSSlExTXhNemN0VjBWVFZGVlRJaXdpYW05aVRHOWpZWFJwYjI0aU9pSjNaWE4wZFhNaWZRP2FwaS12ZXJzaW9uPTIwMTQtMDQtMDEtcHJldmlldw==",
=======
      "RequestUri": "/subscriptions/20deba4c-35db-480a-baac-489e2c695697/operationresults/eyJqb2JJZCI6IlJFU09VUkNFR1JPVVBERUxFVElPTkpPQi1TVFJFQU1BTkFMWVRJQ1MzMDkyLVdFU1RVUyIsImpvYkxvY2F0aW9uIjoid2VzdHVzIn0?api-version=2014-04-01-preview",
      "EncodedRequestUri": "L3N1YnNjcmlwdGlvbnMvMjBkZWJhNGMtMzVkYi00ODBhLWJhYWMtNDg5ZTJjNjk1Njk3L29wZXJhdGlvbnJlc3VsdHMvZXlKcWIySkpaQ0k2SWxKRlUwOVZVa05GUjFKUFZWQkVSVXhGVkVsUFRrcFBRaTFUVkZKRlFVMUJUa0ZNV1ZSSlExTXpNRGt5TFZkRlUxUlZVeUlzSW1wdllreHZZMkYwYVc5dUlqb2lkMlZ6ZEhWekluMD9hcGktdmVyc2lvbj0yMDE0LTA0LTAxLXByZXZpZXc=",
>>>>>>> origin/AutoRest
      "RequestMethod": "GET",
      "RequestBody": "",
      "RequestHeaders": {
        "x-ms-version": [
          "2014-04-01-preview"
        ],
        "User-Agent": [
          "Microsoft.Azure.Management.Resources.ResourceManagementClient/1.0.0.0"
        ]
      },
      "ResponseBody": "",
      "ResponseHeaders": {
        "Content-Length": [
          "0"
        ],
        "Expires": [
          "-1"
        ],
        "Pragma": [
          "no-cache"
        ],
        "Retry-After": [
          "15"
        ],
        "x-ms-ratelimit-remaining-subscription-reads": [
<<<<<<< HEAD
          "14963"
        ],
        "x-ms-request-id": [
          "7f85e938-b303-4beb-8895-a89406a63259"
        ],
        "x-ms-correlation-request-id": [
          "7f85e938-b303-4beb-8895-a89406a63259"
        ],
        "x-ms-routing-request-id": [
          "CENTRALUS:20151125T001032Z:7f85e938-b303-4beb-8895-a89406a63259"
=======
          "31846"
        ],
        "x-ms-request-id": [
          "e518177a-e1d3-4050-9f9a-e0eab1992bbb"
        ],
        "x-ms-correlation-request-id": [
          "e518177a-e1d3-4050-9f9a-e0eab1992bbb"
        ],
        "x-ms-routing-request-id": [
          "CENTRALUS:20150506T011737Z:e518177a-e1d3-4050-9f9a-e0eab1992bbb"
>>>>>>> origin/AutoRest
        ],
        "Strict-Transport-Security": [
          "max-age=31536000; includeSubDomains"
        ],
        "Cache-Control": [
          "no-cache"
        ],
        "Date": [
<<<<<<< HEAD
          "Wed, 25 Nov 2015 00:10:32 GMT"
        ],
        "Location": [
          "https://api-dogfood.resources.windows-int.net/subscriptions/61953354-5115-4340-bf80-f4ccd1cb213e/operationresults/eyJqb2JJZCI6IlJFU09VUkNFR1JPVVBERUxFVElPTkpPQi1TVFJFQU1BTkFMWVRJQ1MxMzctV0VTVFVTIiwiam9iTG9jYXRpb24iOiJ3ZXN0dXMifQ?api-version=2014-04-01-preview"
=======
          "Wed, 06 May 2015 01:17:36 GMT"
        ],
        "Location": [
          "https://api-current.resources.windows-int.net/subscriptions/20deba4c-35db-480a-baac-489e2c695697/operationresults/eyJqb2JJZCI6IlJFU09VUkNFR1JPVVBERUxFVElPTkpPQi1TVFJFQU1BTkFMWVRJQ1MzMDkyLVdFU1RVUyIsImpvYkxvY2F0aW9uIjoid2VzdHVzIn0?api-version=2014-04-01-preview"
>>>>>>> origin/AutoRest
        ]
      },
      "StatusCode": 202
    },
    {
<<<<<<< HEAD
      "RequestUri": "/subscriptions/61953354-5115-4340-bf80-f4ccd1cb213e/operationresults/eyJqb2JJZCI6IlJFU09VUkNFR1JPVVBERUxFVElPTkpPQi1TVFJFQU1BTkFMWVRJQ1MxMzctV0VTVFVTIiwiam9iTG9jYXRpb24iOiJ3ZXN0dXMifQ?api-version=2014-04-01-preview",
      "EncodedRequestUri": "L3N1YnNjcmlwdGlvbnMvNjE5NTMzNTQtNTExNS00MzQwLWJmODAtZjRjY2QxY2IyMTNlL29wZXJhdGlvbnJlc3VsdHMvZXlKcWIySkpaQ0k2SWxKRlUwOVZVa05GUjFKUFZWQkVSVXhGVkVsUFRrcFBRaTFUVkZKRlFVMUJUa0ZNV1ZSSlExTXhNemN0VjBWVFZGVlRJaXdpYW05aVRHOWpZWFJwYjI0aU9pSjNaWE4wZFhNaWZRP2FwaS12ZXJzaW9uPTIwMTQtMDQtMDEtcHJldmlldw==",
=======
      "RequestUri": "/subscriptions/20deba4c-35db-480a-baac-489e2c695697/operationresults/eyJqb2JJZCI6IlJFU09VUkNFR1JPVVBERUxFVElPTkpPQi1TVFJFQU1BTkFMWVRJQ1MzMDkyLVdFU1RVUyIsImpvYkxvY2F0aW9uIjoid2VzdHVzIn0?api-version=2014-04-01-preview",
      "EncodedRequestUri": "L3N1YnNjcmlwdGlvbnMvMjBkZWJhNGMtMzVkYi00ODBhLWJhYWMtNDg5ZTJjNjk1Njk3L29wZXJhdGlvbnJlc3VsdHMvZXlKcWIySkpaQ0k2SWxKRlUwOVZVa05GUjFKUFZWQkVSVXhGVkVsUFRrcFBRaTFUVkZKRlFVMUJUa0ZNV1ZSSlExTXpNRGt5TFZkRlUxUlZVeUlzSW1wdllreHZZMkYwYVc5dUlqb2lkMlZ6ZEhWekluMD9hcGktdmVyc2lvbj0yMDE0LTA0LTAxLXByZXZpZXc=",
>>>>>>> origin/AutoRest
      "RequestMethod": "GET",
      "RequestBody": "",
      "RequestHeaders": {
        "x-ms-version": [
          "2014-04-01-preview"
        ],
        "User-Agent": [
          "Microsoft.Azure.Management.Resources.ResourceManagementClient/1.0.0.0"
        ]
      },
      "ResponseBody": "",
      "ResponseHeaders": {
        "Content-Length": [
          "0"
        ],
        "Expires": [
          "-1"
        ],
        "Pragma": [
          "no-cache"
        ],
        "x-ms-ratelimit-remaining-subscription-reads": [
<<<<<<< HEAD
          "14962"
        ],
        "x-ms-request-id": [
          "f58b4413-d425-4037-b1d2-7359ec447e32"
        ],
        "x-ms-correlation-request-id": [
          "f58b4413-d425-4037-b1d2-7359ec447e32"
        ],
        "x-ms-routing-request-id": [
          "CENTRALUS:20151125T001048Z:f58b4413-d425-4037-b1d2-7359ec447e32"
=======
          "31845"
        ],
        "x-ms-request-id": [
          "f15782e4-189b-44f1-ba1e-bdc96aaff8f0"
        ],
        "x-ms-correlation-request-id": [
          "f15782e4-189b-44f1-ba1e-bdc96aaff8f0"
        ],
        "x-ms-routing-request-id": [
          "CENTRALUS:20150506T011752Z:f15782e4-189b-44f1-ba1e-bdc96aaff8f0"
>>>>>>> origin/AutoRest
        ],
        "Strict-Transport-Security": [
          "max-age=31536000; includeSubDomains"
        ],
        "Cache-Control": [
          "no-cache"
        ],
        "Date": [
<<<<<<< HEAD
          "Wed, 25 Nov 2015 00:10:47 GMT"
=======
          "Wed, 06 May 2015 01:17:52 GMT"
>>>>>>> origin/AutoRest
        ]
      },
      "StatusCode": 200
    }
  ],
  "Names": {
    "Test_SubscriptionOperations_E2E": [
<<<<<<< HEAD
      "StreamAnalytics137"
    ]
  },
  "Variables": {
    "SubscriptionId": "61953354-5115-4340-bf80-f4ccd1cb213e"
=======
      "StreamAnalytics3092"
    ]
  },
  "Variables": {
    "SubscriptionId": "20deba4c-35db-480a-baac-489e2c695697"
>>>>>>> origin/AutoRest
  }
}